[{"title":"Unicroach SEA CTOs ftg dr"},{"avatar":"https://dyn.web.whatsapp.com/pp?t=s&u=4917632636654%40c.us&i=1448652967&ref=0%40RpWh0vR2dOAFLftj0K6JgoELYzbACT8JFBbrYg4cp8EbS3cfcbiKAklc&tok=0%40JPs960fwuwAuFQrHB2PYImFB3ZRWmD2QugvdzQXGXFG9ddEO%2Fywxzo7YPdlDgWupcIX2ucnYRTf8WQ%3D%3D","title":"Ahmad Rizqi Meydiarso Yesbos"},{"title":"+60 12-567 1806"},{"avatar":"https://dyn.web.whatsapp.com/pp?t=s&u=60162259866%40c.us&i=1471714411&ref=0%40RpWh0vR2dOAFLftj0K6JgoELYzbACT8JFBbrYg4cp8EbS3cfcbiKAklc&tok=0%40JPs960fwuwAuFQrHB2PYImFB3ZRWmD2QugvdzQXGXFG9ddEO%2Fywxzo7YPdlDgWupcIX2ucnYRTf8WQ%3D%3D","title":"+60 16-225 9866"},{"avatar":"https://dyn.web.whatsapp.com/pp?t=s&u=628111155557%40c.us&i=1471606537&ref=0%40RpWh0vR2dOAFLftj0K6JgoELYzbACT8JFBbrYg4cp8EbS3cfcbiKAklc&tok=0%40JPs960fwuwAuFQrHB2PYImFB3ZRWmD2QugvdzQXGXFG9ddEO%2Fywxzo7YPdlDgWupcIX2ucnYRTf8WQ%3D%3D","title":"+62 811-1155-557"},{"avatar":"https://dyn.web.whatsapp.com/pp?t=s&u=62811190880-1428469302%40g.us&i=1470215828&ref=0%40RpWh0vR2dOAFLftj0K6JgoELYzbACT8JFBbrYg4cp8EbS3cfcbiKAklc&tok=0%40JPs960fwuwAuFQrHB2PYImFB3ZRWmD2QugvdzQXGXFG9ddEO%2Fywxzo7YPdlDgWupcIX2ucnYRTf8WQ%3D%3D","title":"CTO.id"},{"avatar":"https://dyn.web.whatsapp.com/pp?t=s&u=62811190880%40c.us&i=1419505775&ref=0%40RpWh0vR2dOAFLftj0K6JgoELYzbACT8JFBbrYg4cp8EbS3cfcbiKAklc&tok=0%40JPs960fwuwAuFQrHB2PYImFB3ZRWmD2QugvdzQXGXFG9ddEO%2Fywxzo7YPdlDgWupcIX2ucnYRTf8WQ%3D%3D","title":"Natali"},{"avatar":"https://dyn.web.whatsapp.com/pp?t=s&u=62811363535%40c.us&i=1469998364&ref=0%40RpWh0vR2dOAFLftj0K6JgoELYzbACT8JFBbrYg4cp8EbS3cfcbiKAklc&tok=0%40JPs960fwuwAuFQrHB2PYImFB3ZRWmD2QugvdzQXGXFG9ddEO%2Fywxzo7YPdlDgWupcIX2ucnYRTf8WQ%3D%3D","title":"+62 811-363-535"},{"avatar":"https://dyn.web.whatsapp.com/pp?t=s&u=62811811286%40c.us&i=1380390262&ref=0%40RpWh0vR2dOAFLftj0K6JgoELYzbACT8JFBbrYg4cp8EbS3cfcbiKAklc&tok=0%40JPs960fwuwAuFQrHB2PYImFB3ZRWmD2QugvdzQXGXFG9ddEO%2Fywxzo7YPdlDgWupcIX2ucnYRTf8WQ%3D%3D","title":"Roy Contecna"},{"avatar":"https://dyn.web.whatsapp.com/pp?t=s&u=628118627129%40c.us&i=1473487059&ref=0%40RpWh0vR2dOAFLftj0K6JgoELYzbACT8JFBbrYg4cp8EbS3cfcbiKAklc&tok=0%40JPs960fwuwAuFQrHB2PYImFB3ZRWmD2QugvdzQXGXFG9ddEO%2Fywxzo7YPdlDgWupcIX2ucnYRTf8WQ%3D%3D","title":"+62 811-8627-129"},{"avatar":"https://dyn.web.whatsapp.com/pp?t=s&u=628119502673%40c.us&i=1465374164&ref=0%40RpWh0vR2dOAFLftj0K6JgoELYzbACT8JFBbrYg4cp8EbS3cfcbiKAklc&tok=0%40JPs960fwuwAuFQrHB2PYImFB3ZRWmD2QugvdzQXGXFG9ddEO%2Fywxzo7YPdlDgWupcIX2ucnYRTf8WQ%3D%3D","title":"+62 811-9502-673"},{"title":"Fajar Happy Fresh"},{"avatar":"https://dyn.web.whatsapp.com/pp?t=s&u=628119911038%40c.us&i=1470393066&ref=0%40RpWh0vR2dOAFLftj0K6JgoELYzbACT8JFBbrYg4cp8EbS3cfcbiKAklc&tok=0%40JPs960fwuwAuFQrHB2PYImFB3ZRWmD2QugvdzQXGXFG9ddEO%2Fywxzo7YPdlDgWupcIX2ucnYRTf8WQ%3D%3D","title":"Edy Senjaya"},{"title":"Raptor - Ismaya (CRM)"},{"avatar":"https://dyn.web.whatsapp.com/pp?t=s&u=628121071666%40c.us&i=1473302948&ref=0%40RpWh0vR2dOAFLftj0K6JgoELYzbACT8JFBbrYg4cp8EbS3cfcbiKAklc&tok=0%40JPs960fwuwAuFQrHB2PYImFB3ZRWmD2QugvdzQXGXFG9ddEO%2Fywxzo7YPdlDgWupcIX2ucnYRTf8WQ%3D%3D","title":"Anna Bca"},{"avatar":"https://dyn.web.whatsapp.com/pp?t=s&u=6281279858588%40c.us&i=1465179559&ref=0%40RpWh0vR2dOAFLftj0K6JgoELYzbACT8JFBbrYg4cp8EbS3cfcbiKAklc&tok=0%40JPs960fwuwAuFQrHB2PYImFB3ZRWmD2QugvdzQXGXFG9ddEO%2Fywxzo7YPdlDgWupcIX2ucnYRTf8WQ%3D%3D","title":"Juhanda So"},{"avatar":"https://dyn.web.whatsapp.com/pp?t=s&u=6281282998899%40c.us&i=1453280256&ref=0%40RpWh0vR2dOAFLftj0K6JgoELYzbACT8JFBbrYg4cp8EbS3cfcbiKAklc&tok=0%40JPs960fwuwAuFQrHB2PYImFB3ZRWmD2QugvdzQXGXFG9ddEO%2Fywxzo7YPdlDgWupcIX2ucnYRTf8WQ%3D%3D","title":"Wira Koinworks"},{"avatar":"https://dyn.web.whatsapp.com/pp?t=s&u=6281283576269-1469008701%40g.us&i=1469008772&ref=0%40RpWh0vR2dOAFLftj0K6JgoELYzbACT8JFBbrYg4cp8EbS3cfcbiKAklc&tok=0%40JPs960fwuwAuFQrHB2PYImFB3ZRWmD2QugvdzQXGXFG9ddEO%2Fywxzo7YPdlDgWupcIX2ucnYRTf8WQ%3D%3D","title":"Tim Klepon Livaza"},{"avatar":"https://dyn.web.whatsapp.com/pp?t=s&u=6281283576269-1469424747%40g.us&i=1469432410&ref=0%40RpWh0vR2dOAFLftj0K6JgoELYzbACT8JFBbrYg4cp8EbS3cfcbiKAklc&tok=0%40JPs960fwuwAuFQrHB2PYImFB3ZRWmD2QugvdzQXGXFG9ddEO%2Fywxzo7YPdlDgWupcIX2ucnYRTf8WQ%3D%3D","title":"Livaza Youngbloods"},{"avatar":"https://dyn.web.whatsapp.com/pp?t=s&u=6281283576269%40c.us&i=1473649774&ref=0%40RpWh0vR2dOAFLftj0K6JgoELYzbACT8JFBbrYg4cp8EbS3cfcbiKAklc&tok=0%40JPs960fwuwAuFQrHB2PYImFB3ZRWmD2QugvdzQXGXFG9ddEO%2Fywxzo7YPdlDgWupcIX2ucnYRTf8WQ%3D%3D","title":"andhika Livaza"},{"avatar":"https://dyn.web.whatsapp.com/pp?t=s&u=6281283670549%40c.us&i=1470813570&ref=0%40RpWh0vR2dOAFLftj0K6JgoELYzbACT8JFBbrYg4cp8EbS3cfcbiKAklc&tok=0%40JPs960fwuwAuFQrHB2PYImFB3ZRWmD2QugvdzQXGXFG9ddEO%2Fywxzo7YPdlDgWupcIX2ucnYRTf8WQ%3D%3D","title":"Hengki"},{"avatar":"https://dyn.web.whatsapp.com/pp?t=s&u=6281288825701%40c.us&i=1470669642&ref=0%40RpWh0vR2dOAFLftj0K6JgoELYzbACT8JFBbrYg4cp8EbS3cfcbiKAklc&tok=0%40JPs960fwuwAuFQrHB2PYImFB3ZRWmD2QugvdzQXGXFG9ddEO%2Fywxzo7YPdlDgWupcIX2ucnYRTf8WQ%3D%3D","title":"Billy"},{"avatar":"https://dyn.web.whatsapp.com/pp?t=s&u=6281296286864%40c.us&i=1474041548&ref=0%40RpWh0vR2dOAFLftj0K6JgoELYzbACT8JFBbrYg4cp8EbS3cfcbiKAklc&tok=0%40JPs960fwuwAuFQrHB2PYImFB3ZRWmD2QugvdzQXGXFG9ddEO%2Fywxzo7YPdlDgWupcIX2ucnYRTf8WQ%3D%3D","title":"Yanto"},{"avatar":"https://dyn.web.whatsapp.com/pp?t=s&u=6281296323188%40c.us&i=1473700046&ref=0%40RpWh0vR2dOAFLftj0K6JgoELYzbACT8JFBbrYg4cp8EbS3cfcbiKAklc&tok=0%40JPs960fwuwAuFQrHB2PYImFB3ZRWmD2QugvdzQXGXFG9ddEO%2Fywxzo7YPdlDgWupcIX2ucnYRTf8WQ%3D%3D","title":"Yong Livaza"},{"title":"Fabelio"},{"avatar":"https://dyn.web.whatsapp.com/pp?t=s&u=6281313136538-1438167058%40g.us&i=1472193772&ref=0%40RpWh0vR2dOAFLftj0K6JgoELYzbACT8JFBbrYg4cp8EbS3cfcbiKAklc&tok=0%40JPs960fwuwAuFQrHB2PYImFB3ZRWmD2QugvdzQXGXFG9ddEO%2Fywxzo7YPdlDgWupcIX2ucnYRTf8WQ%3D%3D","title":"LIVAZA"},{"title":"Livaza <> Ralali"},{"avatar":"https://dyn.web.whatsapp.com/pp?t=s&u=6281313136538%40c.us&i=1435068864&ref=0%40RpWh0vR2dOAFLftj0K6JgoELYzbACT8JFBbrYg4cp8EbS3cfcbiKAklc&tok=0%40JPs960fwuwAuFQrHB2PYImFB3ZRWmD2QugvdzQXGXFG9ddEO%2Fywxzo7YPdlDgWupcIX2ucnYRTf8WQ%3D%3D","title":"Eddy Livaza"},{"avatar":"https://dyn.web.whatsapp.com/pp?t=s&u=6281313887788%40c.us&i=1467683209&ref=0%40RpWh0vR2dOAFLftj0K6JgoELYzbACT8JFBbrYg4cp8EbS3cfcbiKAklc&tok=0%40JPs960fwuwAuFQrHB2PYImFB3ZRWmD2QugvdzQXGXFG9ddEO%2Fywxzo7YPdlDgWupcIX2ucnYRTf8WQ%3D%3D","title":"Muliadi Jeo"},{"avatar":"https://dyn.web.whatsapp.com/pp?t=s&u=6281316301488%40c.us&i=1474009115&ref=0%40RpWh0vR2dOAFLftj0K6JgoELYzbACT8JFBbrYg4cp8EbS3cfcbiKAklc&tok=0%40JPs960fwuwAuFQrHB2PYImFB3ZRWmD2QugvdzQXGXFG9ddEO%2Fywxzo7YPdlDgWupcIX2ucnYRTf8WQ%3D%3D","title":"+62 813-1630-1488"},{"avatar":"https://dyn.web.whatsapp.com/pp?t=s&u=6281316600178%40c.us&i=1471769913&ref=0%40RpWh0vR2dOAFLftj0K6JgoELYzbACT8JFBbrYg4cp8EbS3cfcbiKAklc&tok=0%40JPs960fwuwAuFQrHB2PYImFB3ZRWmD2QugvdzQXGXFG9ddEO%2Fywxzo7YPdlDgWupcIX2ucnYRTf8WQ%3D%3D","title":"+62 813-1660-0178"},{"avatar":"https://dyn.web.whatsapp.com/pp?t=s&u=6281320000426%40c.us&i=1471331315&ref=0%40RpWh0vR2dOAFLftj0K6JgoELYzbACT8JFBbrYg4cp8EbS3cfcbiKAklc&tok=0%40JPs960fwuwAuFQrHB2PYImFB3ZRWmD2QugvdzQXGXFG9ddEO%2Fywxzo7YPdlDgWupcIX2ucnYRTf8WQ%3D%3D","title":"Evan"},{"avatar":"https://dyn.web.whatsapp.com/pp?t=s&u=6281362080111%40c.us&i=1459411438&ref=0%40RpWh0vR2dOAFLftj0K6JgoELYzbACT8JFBbrYg4cp8EbS3cfcbiKAklc&tok=0%40JPs960fwuwAuFQrHB2PYImFB3ZRWmD2QugvdzQXGXFG9ddEO%2Fywxzo7YPdlDgWupcIX2ucnYRTf8WQ%3D%3D","title":"+62 813-6208-0111"},{"avatar":"https://dyn.web.whatsapp.com/pp?t=s&u=6281399322344%40c.us&i=1470362435&ref=0%40RpWh0vR2dOAFLftj0K6JgoELYzbACT8JFBbrYg4cp8EbS3cfcbiKAklc&tok=0%40JPs960fwuwAuFQrHB2PYImFB3ZRWmD2QugvdzQXGXFG9ddEO%2Fywxzo7YPdlDgWupcIX2ucnYRTf8WQ%3D%3D","title":"Didik Cookpad"},{"avatar":"https://dyn.web.whatsapp.com/pp?t=s&u=628170149122%40c.us&i=1461555923&ref=0%40RpWh0vR2dOAFLftj0K6JgoELYzbACT8JFBbrYg4cp8EbS3cfcbiKAklc&tok=0%40JPs960fwuwAuFQrHB2PYImFB3ZRWmD2QugvdzQXGXFG9ddEO%2Fywxzo7YPdlDgWupcIX2ucnYRTf8WQ%3D%3D","title":"Yoppie Flight Indonesia"},{"avatar":"https://dyn.web.whatsapp.com/pp?t=s&u=628170157259%40c.us&i=1465795418&ref=0%40RpWh0vR2dOAFLftj0K6JgoELYzbACT8JFBbrYg4cp8EbS3cfcbiKAklc&tok=0%40JPs960fwuwAuFQrHB2PYImFB3ZRWmD2QugvdzQXGXFG9ddEO%2Fywxzo7YPdlDgWupcIX2ucnYRTf8WQ%3D%3D","title":"+62 817-0157-259"},{"title":"Andrew Kaskus"},{"avatar":"https://dyn.web.whatsapp.com/pp?t=s&u=62817792952%40c.us&i=1464619838&ref=0%40RpWh0vR2dOAFLftj0K6JgoELYzbACT8JFBbrYg4cp8EbS3cfcbiKAklc&tok=0%40JPs960fwuwAuFQrHB2PYImFB3ZRWmD2QugvdzQXGXFG9ddEO%2Fywxzo7YPdlDgWupcIX2ucnYRTf8WQ%3D%3D","title":"Adwin Livaza"},{"avatar":"https://dyn.web.whatsapp.com/pp?t=s&u=62817820742%40c.us&i=1471145055&ref=0%40RpWh0vR2dOAFLftj0K6JgoELYzbACT8JFBbrYg4cp8EbS3cfcbiKAklc&tok=0%40JPs960fwuwAuFQrHB2PYImFB3ZRWmD2QugvdzQXGXFG9ddEO%2Fywxzo7YPdlDgWupcIX2ucnYRTf8WQ%3D%3D","title":"+62 817-820-742"},{"avatar":"https://dyn.web.whatsapp.com/pp?t=s&u=6281807332717%40c.us&i=1376654813&ref=0%40RpWh0vR2dOAFLftj0K6JgoELYzbACT8JFBbrYg4cp8EbS3cfcbiKAklc&tok=0%40JPs960fwuwAuFQrHB2PYImFB3ZRWmD2QugvdzQXGXFG9ddEO%2Fywxzo7YPdlDgWupcIX2ucnYRTf8WQ%3D%3D","title":"Dondy CK"},{"title":"WEBSITE"},{"avatar":"https://dyn.web.whatsapp.com/pp?t=s&u=6281809217825%40c.us&i=1464440184&ref=0%40RpWh0vR2dOAFLftj0K6JgoELYzbACT8JFBbrYg4cp8EbS3cfcbiKAklc&tok=0%40JPs960fwuwAuFQrHB2PYImFB3ZRWmD2QugvdzQXGXFG9ddEO%2Fywxzo7YPdlDgWupcIX2ucnYRTf8WQ%3D%3D","title":"Emil Livaza"},{"avatar":"https://dyn.web.whatsapp.com/pp?t=s&u=62818140188%40c.us&i=1410781721&ref=0%40RpWh0vR2dOAFLftj0K6JgoELYzbACT8JFBbrYg4cp8EbS3cfcbiKAklc&tok=0%40JPs960fwuwAuFQrHB2PYImFB3ZRWmD2QugvdzQXGXFG9ddEO%2Fywxzo7YPdlDgWupcIX2ucnYRTf8WQ%3D%3D","title":"Teguh Kominfo"},{"avatar":"https://dyn.web.whatsapp.com/pp?t=s&u=62818667898%40c.us&i=1450674321&ref=0%40RpWh0vR2dOAFLftj0K6JgoELYzbACT8JFBbrYg4cp8EbS3cfcbiKAklc&tok=0%40JPs960fwuwAuFQrHB2PYImFB3ZRWmD2QugvdzQXGXFG9ddEO%2Fywxzo7YPdlDgWupcIX2ucnYRTf8WQ%3D%3D","title":"Leontinus CTO Tokopedia"},{"title":"Henry Riady Lippo"},{"avatar":"https://dyn.web.whatsapp.com/pp?t=s&u=6281905509005%40c.us&i=1472364251&ref=0%40RpWh0vR2dOAFLftj0K6JgoELYzbACT8JFBbrYg4cp8EbS3cfcbiKAklc&tok=0%40JPs960fwuwAuFQrHB2PYImFB3ZRWmD2QugvdzQXGXFG9ddEO%2Fywxzo7YPdlDgWupcIX2ucnYRTf8WQ%3D%3D","title":"+62 819-0550-9005"},{"avatar":"https://dyn.web.whatsapp.com/pp?t=s&u=6281919500887%40c.us&i=1452243148&ref=0%40RpWh0vR2dOAFLftj0K6JgoELYzbACT8JFBbrYg4cp8EbS3cfcbiKAklc&tok=0%40JPs960fwuwAuFQrHB2PYImFB3ZRWmD2QugvdzQXGXFG9ddEO%2Fywxzo7YPdlDgWupcIX2ucnYRTf8WQ%3D%3D","title":"Mncshop"},{"avatar":"https://dyn.web.whatsapp.com/pp?t=s&u=628192100922%40c.us&i=1473340729&ref=0%40RpWh0vR2dOAFLftj0K6JgoELYzbACT8JFBbrYg4cp8EbS3cfcbiKAklc&tok=0%40JPs960fwuwAuFQrHB2PYImFB3ZRWmD2QugvdzQXGXFG9ddEO%2Fywxzo7YPdlDgWupcIX2ucnYRTf8WQ%3D%3D","title":"Tribe Hired"},{"title":"IT Livaza"},{"avatar":"https://dyn.web.whatsapp.com/pp?t=s&u=6281927688890%40c.us&i=1392289232&ref=0%40RpWh0vR2dOAFLftj0K6JgoELYzbACT8JFBbrYg4cp8EbS3cfcbiKAklc&tok=0%40JPs960fwuwAuFQrHB2PYImFB3ZRWmD2QugvdzQXGXFG9ddEO%2Fywxzo7YPdlDgWupcIX2ucnYRTf8WQ%3D%3D","title":"Hendro Surono Livaza"},{"avatar":"https://dyn.web.whatsapp.com/pp?t=s&u=6281932232276%40c.us&i=1473750616&ref=0%40RpWh0vR2dOAFLftj0K6JgoELYzbACT8JFBbrYg4cp8EbS3cfcbiKAklc&tok=0%40JPs960fwuwAuFQrHB2PYImFB3ZRWmD2QugvdzQXGXFG9ddEO%2Fywxzo7YPdlDgWupcIX2ucnYRTf8WQ%3D%3D","title":"Anton Livaza"},{"avatar":"https://dyn.web.whatsapp.com/pp?t=s&u=6281932533269%40c.us&i=1471870051&ref=0%40RpWh0vR2dOAFLftj0K6JgoELYzbACT8JFBbrYg4cp8EbS3cfcbiKAklc&tok=0%40JPs960fwuwAuFQrHB2PYImFB3ZRWmD2QugvdzQXGXFG9ddEO%2Fywxzo7YPdlDgWupcIX2ucnYRTf8WQ%3D%3D","title":"+62 819-3253-3269"},{"avatar":"https://dyn.web.whatsapp.com/pp?t=s&u=6281993078264%40c.us&i=1468817681&ref=0%40RpWh0vR2dOAFLftj0K6JgoELYzbACT8JFBbrYg4cp8EbS3cfcbiKAklc&tok=0%40JPs960fwuwAuFQrHB2PYImFB3ZRWmD2QugvdzQXGXFG9ddEO%2Fywxzo7YPdlDgWupcIX2ucnYRTf8WQ%3D%3D","title":"Titus"},{"avatar":"https://dyn.web.whatsapp.com/pp?t=s&u=6282112568951%40c.us&i=1472841946&ref=0%40RpWh0vR2dOAFLftj0K6JgoELYzbACT8JFBbrYg4cp8EbS3cfcbiKAklc&tok=0%40JPs960fwuwAuFQrHB2PYImFB3ZRWmD2QugvdzQXGXFG9ddEO%2Fywxzo7YPdlDgWupcIX2ucnYRTf8WQ%3D%3D","title":"CTO Jakpos"},{"title":"Onboarding ✌"},{"avatar":"https://dyn.web.whatsapp.com/pp?t=s&u=6282114557370%40c.us&i=1472321219&ref=0%40RpWh0vR2dOAFLftj0K6JgoELYzbACT8JFBbrYg4cp8EbS3cfcbiKAklc&tok=0%40JPs960fwuwAuFQrHB2PYImFB3ZRWmD2QugvdzQXGXFG9ddEO%2Fywxzo7YPdlDgWupcIX2ucnYRTf8WQ%3D%3D","title":"Hegar Livaza"},{"title":"+62 821-2928-8270"},{"avatar":"https://dyn.web.whatsapp.com/pp?t=s&u=6282133311100%40c.us&i=1471140094&ref=0%40RpWh0vR2dOAFLftj0K6JgoELYzbACT8JFBbrYg4cp8EbS3cfcbiKAklc&tok=0%40JPs960fwuwAuFQrHB2PYImFB3ZRWmD2QugvdzQXGXFG9ddEO%2Fywxzo7YPdlDgWupcIX2ucnYRTf8WQ%3D%3D","title":"Wiliam Bitcoin Cto"},{"title":"+62 821-8947-5577"},{"avatar":"https://dyn.web.whatsapp.com/pp?t=s&u=6285220106532%40c.us&i=1474041808&ref=0%40RpWh0vR2dOAFLftj0K6JgoELYzbACT8JFBbrYg4cp8EbS3cfcbiKAklc&tok=0%40JPs960fwuwAuFQrHB2PYImFB3ZRWmD2QugvdzQXGXFG9ddEO%2Fywxzo7YPdlDgWupcIX2ucnYRTf8WQ%3D%3D","title":"Naufal Livaza"},{"avatar":"https://dyn.web.whatsapp.com/pp?t=s&u=6285273839851%40c.us&i=1458840652&ref=0%40RpWh0vR2dOAFLftj0K6JgoELYzbACT8JFBbrYg4cp8EbS3cfcbiKAklc&tok=0%40JPs960fwuwAuFQrHB2PYImFB3ZRWmD2QugvdzQXGXFG9ddEO%2Fywxzo7YPdlDgWupcIX2ucnYRTf8WQ%3D%3D","title":"Sofian Pinjam.Co.Id"},{"avatar":"https://dyn.web.whatsapp.com/pp?t=s&u=628563061611%40c.us&i=1446803101&ref=0%40RpWh0vR2dOAFLftj0K6JgoELYzbACT8JFBbrYg4cp8EbS3cfcbiKAklc&tok=0%40JPs960fwuwAuFQrHB2PYImFB3ZRWmD2QugvdzQXGXFG9ddEO%2Fywxzo7YPdlDgWupcIX2ucnYRTf8WQ%3D%3D","title":"Achmad cTO citilink Royhan"},{"avatar":"https://dyn.web.whatsapp.com/pp?t=s&u=6285640791440%40c.us&i=1419252086&ref=0%40RpWh0vR2dOAFLftj0K6JgoELYzbACT8JFBbrYg4cp8EbS3cfcbiKAklc&tok=0%40JPs960fwuwAuFQrHB2PYImFB3ZRWmD2QugvdzQXGXFG9ddEO%2Fywxzo7YPdlDgWupcIX2ucnYRTf8WQ%3D%3D","title":"Cakra"},{"avatar":"https://dyn.web.whatsapp.com/pp?t=s&u=628568989080%40c.us&i=1466311553&ref=0%40RpWh0vR2dOAFLftj0K6JgoELYzbACT8JFBbrYg4cp8EbS3cfcbiKAklc&tok=0%40JPs960fwuwAuFQrHB2PYImFB3ZRWmD2QugvdzQXGXFG9ddEO%2Fywxzo7YPdlDgWupcIX2ucnYRTf8WQ%3D%3D","title":"Eddy Yansen"},{"title":"onboarding"},{"avatar":"https://dyn.web.whatsapp.com/pp?t=s&u=6285697065337%40c.us&i=1473744197&ref=0%40RpWh0vR2dOAFLftj0K6JgoELYzbACT8JFBbrYg4cp8EbS3cfcbiKAklc&tok=0%40JPs960fwuwAuFQrHB2PYImFB3ZRWmD2QugvdzQXGXFG9ddEO%2Fywxzo7YPdlDgWupcIX2ucnYRTf8WQ%3D%3D","title":"Lela"},{"avatar":"https://dyn.web.whatsapp.com/pp?t=s&u=6285714625000%40c.us&i=1472323649&ref=0%40RpWh0vR2dOAFLftj0K6JgoELYzbACT8JFBbrYg4cp8EbS3cfcbiKAklc&tok=0%40JPs960fwuwAuFQrHB2PYImFB3ZRWmD2QugvdzQXGXFG9ddEO%2Fywxzo7YPdlDgWupcIX2ucnYRTf8WQ%3D%3D","title":"Ari"},{"avatar":"https://dyn.web.whatsapp.com/pp?t=s&u=6285735324610%40c.us&i=1427806606&ref=0%40RpWh0vR2dOAFLftj0K6JgoELYzbACT8JFBbrYg4cp8EbS3cfcbiKAklc&tok=0%40JPs960fwuwAuFQrHB2PYImFB3ZRWmD2QugvdzQXGXFG9ddEO%2Fywxzo7YPdlDgWupcIX2ucnYRTf8WQ%3D%3D","title":"+62 857-3532-4610"},{"avatar":"https://dyn.web.whatsapp.com/pp?t=s&u=6285774314938%40c.us&i=1458361805&ref=0%40RpWh0vR2dOAFLftj0K6JgoELYzbACT8JFBbrYg4cp8EbS3cfcbiKAklc&tok=0%40JPs960fwuwAuFQrHB2PYImFB3ZRWmD2QugvdzQXGXFG9ddEO%2Fywxzo7YPdlDgWupcIX2ucnYRTf8WQ%3D%3D","title":"+62 857-7431-4938","unread":true},{"avatar":"https://dyn.web.whatsapp.com/pp?t=s&u=6285785429168%40c.us&i=1453972443&ref=0%40RpWh0vR2dOAFLftj0K6JgoELYzbACT8JFBbrYg4cp8EbS3cfcbiKAklc&tok=0%40JPs960fwuwAuFQrHB2PYImFB3ZRWmD2QugvdzQXGXFG9ddEO%2Fywxzo7YPdlDgWupcIX2ucnYRTf8WQ%3D%3D","title":"Dwi Livaza"},{"title":"Member.id - Raptor"},{"avatar":"https://dyn.web.whatsapp.com/pp?t=s&u=6285811523455%40c.us&i=1471809222&ref=0%40RpWh0vR2dOAFLftj0K6JgoELYzbACT8JFBbrYg4cp8EbS3cfcbiKAklc&tok=0%40JPs960fwuwAuFQrHB2PYImFB3ZRWmD2QugvdzQXGXFG9ddEO%2Fywxzo7YPdlDgWupcIX2ucnYRTf8WQ%3D%3D","title":"Ali Sadikin"},{"avatar":"https://dyn.web.whatsapp.com/pp?t=s&u=6285880520640%40c.us&i=1471180741&ref=0%40RpWh0vR2dOAFLftj0K6JgoELYzbACT8JFBbrYg4cp8EbS3cfcbiKAklc&tok=0%40JPs960fwuwAuFQrHB2PYImFB3ZRWmD2QugvdzQXGXFG9ddEO%2Fywxzo7YPdlDgWupcIX2ucnYRTf8WQ%3D%3D","title":"+62 858-8052-0640"},{"avatar":"https://dyn.web.whatsapp.com/pp?t=s&u=6287738724848%40c.us&i=1473739601&ref=0%40RpWh0vR2dOAFLftj0K6JgoELYzbACT8JFBbrYg4cp8EbS3cfcbiKAklc&tok=0%40JPs960fwuwAuFQrHB2PYImFB3ZRWmD2QugvdzQXGXFG9ddEO%2Fywxzo7YPdlDgWupcIX2ucnYRTf8WQ%3D%3D","title":"Grogol Kost Pria"},{"avatar":"https://dyn.web.whatsapp.com/pp?t=s&u=6287776656213%40c.us&i=1469406087&ref=0%40RpWh0vR2dOAFLftj0K6JgoELYzbACT8JFBbrYg4cp8EbS3cfcbiKAklc&tok=0%40JPs960fwuwAuFQrHB2PYImFB3ZRWmD2QugvdzQXGXFG9ddEO%2Fywxzo7YPdlDgWupcIX2ucnYRTf8WQ%3D%3D","title":"Bli Bli"},{"avatar":"https://dyn.web.whatsapp.com/pp?t=s&u=6287782134248%40c.us&i=1466397422&ref=0%40RpWh0vR2dOAFLftj0K6JgoELYzbACT8JFBbrYg4cp8EbS3cfcbiKAklc&tok=0%40JPs960fwuwAuFQrHB2PYImFB3ZRWmD2QugvdzQXGXFG9ddEO%2Fywxzo7YPdlDgWupcIX2ucnYRTf8WQ%3D%3D","title":"+62 877-8213-4248"},{"avatar":"https://dyn.web.whatsapp.com/pp?t=s&u=6287823271277%40c.us&i=1472293975&ref=0%40RpWh0vR2dOAFLftj0K6JgoELYzbACT8JFBbrYg4cp8EbS3cfcbiKAklc&tok=0%40JPs960fwuwAuFQrHB2PYImFB3ZRWmD2QugvdzQXGXFG9ddEO%2Fywxzo7YPdlDgWupcIX2ucnYRTf8WQ%3D%3D","title":"Timmy Sociabuzz"},{"avatar":"https://dyn.web.whatsapp.com/pp?t=s&u=6287880002266%40c.us&i=1424940236&ref=0%40RpWh0vR2dOAFLftj0K6JgoELYzbACT8JFBbrYg4cp8EbS3cfcbiKAklc&tok=0%40JPs960fwuwAuFQrHB2PYImFB3ZRWmD2QugvdzQXGXFG9ddEO%2Fywxzo7YPdlDgWupcIX2ucnYRTf8WQ%3D%3D","title":"Stella Livaza"},{"avatar":"https://dyn.web.whatsapp.com/pp?t=s&u=6287888505350%40c.us&i=1470722068&ref=0%40RpWh0vR2dOAFLftj0K6JgoELYzbACT8JFBbrYg4cp8EbS3cfcbiKAklc&tok=0%40JPs960fwuwAuFQrHB2PYImFB3ZRWmD2QugvdzQXGXFG9ddEO%2Fywxzo7YPdlDgWupcIX2ucnYRTf8WQ%3D%3D","title":"Arip Parkir"},{"avatar":"https://dyn.web.whatsapp.com/pp?t=s&u=6288217219837%40c.us&i=1472251887&ref=0%40RpWh0vR2dOAFLftj0K6JgoELYzbACT8JFBbrYg4cp8EbS3cfcbiKAklc&tok=0%40JPs960fwuwAuFQrHB2PYImFB3ZRWmD2QugvdzQXGXFG9ddEO%2Fywxzo7YPdlDgWupcIX2ucnYRTf8WQ%3D%3D","title":"Istriku"},{"avatar":"https://dyn.web.whatsapp.com/pp?t=s&u=6288217219857-1468567587%40g.us&i=1468568148&ref=0%40RpWh0vR2dOAFLftj0K6JgoELYzbACT8JFBbrYg4cp8EbS3cfcbiKAklc&tok=0%40JPs960fwuwAuFQrHB2PYImFB3ZRWmD2QugvdzQXGXFG9ddEO%2Fywxzo7YPdlDgWupcIX2ucnYRTf8WQ%3D%3D","title":"Livaza New Layout"},{"avatar":"https://dyn.web.whatsapp.com/pp?t=s&u=6288217219857-1468945954%40g.us&i=1470671657&ref=0%40RpWh0vR2dOAFLftj0K6JgoELYzbACT8JFBbrYg4cp8EbS3cfcbiKAklc&tok=0%40JPs960fwuwAuFQrHB2PYImFB3ZRWmD2QugvdzQXGXFG9ddEO%2Fywxzo7YPdlDgWupcIX2ucnYRTf8WQ%3D%3D","title":"Product Team-Livaza"},{"title":"Livaza onboarding"},{"title":"Livaza Vinculum"},{"avatar":"https://dyn.web.whatsapp.com/pp?t=s&u=6289615865475%40c.us&i=1473590918&ref=0%40RpWh0vR2dOAFLftj0K6JgoELYzbACT8JFBbrYg4cp8EbS3cfcbiKAklc&tok=0%40JPs960fwuwAuFQrHB2PYImFB3ZRWmD2QugvdzQXGXFG9ddEO%2Fywxzo7YPdlDgWupcIX2ucnYRTf8WQ%3D%3D","title":"Haben"},{"avatar":"https://dyn.web.whatsapp.com/pp?t=s&u=6289636845137%40c.us&i=1468293483&ref=0%40RpWh0vR2dOAFLftj0K6JgoELYzbACT8JFBbrYg4cp8EbS3cfcbiKAklc&tok=0%40JPs960fwuwAuFQrHB2PYImFB3ZRWmD2QugvdzQXGXFG9ddEO%2Fywxzo7YPdlDgWupcIX2ucnYRTf8WQ%3D%3D","title":"Ade"},{"avatar":"https://dyn.web.whatsapp.com/pp?t=s&u=6289651407657%40c.us&i=1466812123&ref=0%40RpWh0vR2dOAFLftj0K6JgoELYzbACT8JFBbrYg4cp8EbS3cfcbiKAklc&tok=0%40JPs960fwuwAuFQrHB2PYImFB3ZRWmD2QugvdzQXGXFG9ddEO%2Fywxzo7YPdlDgWupcIX2ucnYRTf8WQ%3D%3D","title":"Tri"},{"avatar":"https://dyn.web.whatsapp.com/pp?t=s&u=628979966869%40c.us&i=1472627053&ref=0%40RpWh0vR2dOAFLftj0K6JgoELYzbACT8JFBbrYg4cp8EbS3cfcbiKAklc&tok=0%40JPs960fwuwAuFQrHB2PYImFB3ZRWmD2QugvdzQXGXFG9ddEO%2Fywxzo7YPdlDgWupcIX2ucnYRTf8WQ%3D%3D","title":"Zen"},{"avatar":"https://dyn.web.whatsapp.com/pp?t=s&u=6584094086%40c.us&i=1365522797&ref=0%40RpWh0vR2dOAFLftj0K6JgoELYzbACT8JFBbrYg4cp8EbS3cfcbiKAklc&tok=0%40JPs960fwuwAuFQrHB2PYImFB3ZRWmD2QugvdzQXGXFG9ddEO%2Fywxzo7YPdlDgWupcIX2ucnYRTf8WQ%3D%3D","title":"Julian E"}]
[{"title":"Unicroach SEA CTOs ftg dr"},{"avatar":"https://dyn.web.whatsapp.com/pp?t=s&u=4917632636654%40c.us&i=1448652967&ref=0%40RpWh0vR2dOAFLftj0K6JgoELYzbACT8JFBbrYg4cp8EbS3cfcbiKAklc&tok=0%40JPs960fwuwAuFQrHB2PYImFB3ZRWmD2QugvdzQXGXFG9ddEO%2Fywxzo7YPdlDgWupcIX2ucnYRTf8WQ%3D%3D","title":"Ahmad Rizqi Meydiarso Yesbos"},{"title":"+60 12-567 1806"},{"avatar":"https://dyn.web.whatsapp.com/pp?t=s&u=60162259866%40c.us&i=1471714411&ref=0%40RpWh0vR2dOAFLftj0K6JgoELYzbACT8JFBbrYg4cp8EbS3cfcbiKAklc&tok=0%40JPs960fwuwAuFQrHB2PYImFB3ZRWmD2QugvdzQXGXFG9ddEO%2Fywxzo7YPdlDgWupcIX2ucnYRTf8WQ%3D%3D","title":"+60 16-225 9866"},{"avatar":"https://dyn.web.whatsapp.com/pp?t=s&u=628111155557%40c.us&i=1471606537&ref=0%40RpWh0vR2dOAFLftj0K6JgoELYzbACT8JFBbrYg4cp8EbS3cfcbiKAklc&tok=0%40JPs960fwuwAuFQrHB2PYImFB3ZRWmD2QugvdzQXGXFG9ddEO%2Fywxzo7YPdlDgWupcIX2ucnYRTf8WQ%3D%3D","title":"+62 811-1155-557"},{"avatar":"https://dyn.web.whatsapp.com/pp?t=s&u=62811190880-1428469302%40g.us&i=1470215828&ref=0%40RpWh0vR2dOAFLftj0K6JgoELYzbACT8JFBbrYg4cp8EbS3cfcbiKAklc&tok=0%40JPs960fwuwAuFQrHB2PYImFB3ZRWmD2QugvdzQXGXFG9ddEO%2Fywxzo7YPdlDgWupcIX2ucnYRTf8WQ%3D%3D","title":"CTO.id"},{"avatar":"https://dyn.web.whatsapp.com/pp?t=s&u=62811190880%40c.us&i=1419505775&ref=0%40RpWh0vR2dOAFLftj0K6JgoELYzbACT8JFBbrYg4cp8EbS3cfcbiKAklc&tok=0%40JPs960fwuwAuFQrHB2PYImFB3ZRWmD2QugvdzQXGXFG9ddEO%2Fywxzo7YPdlDgWupcIX2ucnYRTf8WQ%3D%3D","title":"Natali"},{"avatar":"https://dyn.web.whatsapp.com/pp?t=s&u=62811363535%40c.us&i=1469998364&ref=0%40RpWh0vR2dOAFLftj0K6JgoELYzbACT8JFBbrYg4cp8EbS3cfcbiKAklc&tok=0%40JPs960fwuwAuFQrHB2PYImFB3ZRWmD2QugvdzQXGXFG9ddEO%2Fywxzo7YPdlDgWupcIX2ucnYRTf8WQ%3D%3D","title":"+62 811-363-535"},{"avatar":"https://dyn.web.whatsapp.com/pp?t=s&u=62811811286%40c.us&i=1380390262&ref=0%40RpWh0vR2dOAFLftj0K6JgoELYzbACT8JFBbrYg4cp8EbS3cfcbiKAklc&tok=0%40JPs960fwuwAuFQrHB2PYImFB3ZRWmD2QugvdzQXGXFG9ddEO%2Fywxzo7YPdlDgWupcIX2ucnYRTf8WQ%3D%3D","title":"Roy Contecna"},{"avatar":"https://dyn.web.whatsapp.com/pp?t=s&u=628118627129%40c.us&i=1473487059&ref=0%40RpWh0vR2dOAFLftj0K6JgoELYzbACT8JFBbrYg4cp8EbS3cfcbiKAklc&tok=0%40JPs960fwuwAuFQrHB2PYImFB3ZRWmD2QugvdzQXGXFG9ddEO%2Fywxzo7YPdlDgWupcIX2ucnYRTf8WQ%3D%3D","title":"+62 811-8627-129"},{"avatar":"https://dyn.web.whatsapp.com/pp?t=s&u=628119502673%40c.us&i=1465374164&ref=0%40RpWh0vR2dOAFLftj0K6JgoELYzbACT8JFBbrYg4cp8EbS3cfcbiKAklc&tok=0%40JPs960fwuwAuFQrHB2PYImFB3ZRWmD2QugvdzQXGXFG9ddEO%2Fywxzo7YPdlDgWupcIX2ucnYRTf8WQ%3D%3D","title":"+62 811-9502-673"},{"title":"Fajar Happy Fresh"},{"avatar":"https://dyn.web.whatsapp.com/pp?t=s&u=628119911038%40c.us&i=1470393066&ref=0%40RpWh0vR2dOAFLftj0K6JgoELYzbACT8JFBbrYg4cp8EbS3cfcbiKAklc&tok=0%40JPs960fwuwAuFQrHB2PYImFB3ZRWmD2QugvdzQXGXFG9ddEO%2Fywxzo7YPdlDgWupcIX2ucnYRTf8WQ%3D%3D","title":"Edy Senjaya"},{"title":"Raptor - Ismaya (CRM)"},{"avatar":"https://dyn.web.whatsapp.com/pp?t=s&u=628121071666%40c.us&i=1473302948&ref=0%40RpWh0vR2dOAFLftj0K6JgoELYzbACT8JFBbrYg4cp8EbS3cfcbiKAklc&tok=0%40JPs960fwuwAuFQrHB2PYImFB3ZRWmD2QugvdzQXGXFG9ddEO%2Fywxzo7YPdlDgWupcIX2ucnYRTf8WQ%3D%3D","title":"Anna Bca"},{"avatar":"https://dyn.web.whatsapp.com/pp?t=s&u=6281279858588%40c.us&i=1465179559&ref=0%40RpWh0vR2dOAFLftj0K6JgoELYzbACT8JFBbrYg4cp8EbS3cfcbiKAklc&tok=0%40JPs960fwuwAuFQrHB2PYImFB3ZRWmD2QugvdzQXGXFG9ddEO%2Fywxzo7YPdlDgWupcIX2ucnYRTf8WQ%3D%3D","title":"Juhanda So"},{"avatar":"https://dyn.web.whatsapp.com/pp?t=s&u=6281282998899%40c.us&i=1453280256&ref=0%40RpWh0vR2dOAFLftj0K6JgoELYzbACT8JFBbrYg4cp8EbS3cfcbiKAklc&tok=0%40JPs960fwuwAuFQrHB2PYImFB3ZRWmD2QugvdzQXGXFG9ddEO%2Fywxzo7YPdlDgWupcIX2ucnYRTf8WQ%3D%3D","title":"Wira Koinworks"},{"avatar":"https://dyn.web.whatsapp.com/pp?t=s&u=6281283576269-1469008701%40g.us&i=1469008772&ref=0%40RpWh0vR2dOAFLftj0K6JgoELYzbACT8JFBbrYg4cp8EbS3cfcbiKAklc&tok=0%40JPs960fwuwAuFQrHB2PYImFB3ZRWmD2QugvdzQXGXFG9ddEO%2Fywxzo7YPdlDgWupcIX2ucnYRTf8WQ%3D%3D","title":"Tim Klepon Livaza"},{"avatar":"https://dyn.web.whatsapp.com/pp?t=s&u=6281283576269-1469424747%40g.us&i=1469432410&ref=0%40RpWh0vR2dOAFLftj0K6JgoELYzbACT8JFBbrYg4cp8EbS3cfcbiKAklc&tok=0%40JPs960fwuwAuFQrHB2PYImFB3ZRWmD2QugvdzQXGXFG9ddEO%2Fywxzo7YPdlDgWupcIX2ucnYRTf8WQ%3D%3D","title":"Livaza Youngbloods"},{"avatar":"https://dyn.web.whatsapp.com/pp?t=s&u=6281283576269%40c.us&i=1473649774&ref=0%40RpWh0vR2dOAFLftj0K6JgoELYzbACT8JFBbrYg4cp8EbS3cfcbiKAklc&tok=0%40JPs960fwuwAuFQrHB2PYImFB3ZRWmD2QugvdzQXGXFG9ddEO%2Fywxzo7YPdlDgWupcIX2ucnYRTf8WQ%3D%3D","title":"andhika Livaza"},{"avatar":"https://dyn.web.whatsapp.com/pp?t=s&u=6281283670549%40c.us&i=1470813570&ref=0%40RpWh0vR2dOAFLftj0K6JgoELYzbACT8JFBbrYg4cp8EbS3cfcbiKAklc&tok=0%40JPs960fwuwAuFQrHB2PYImFB3ZRWmD2QugvdzQXGXFG9ddEO%2Fywxzo7YPdlDgWupcIX2ucnYRTf8WQ%3D%3D","title":"Hengki"},{"avatar":"https://dyn.web.whatsapp.com/pp?t=s&u=6281288825701%40c.us&i=1470669642&ref=0%40RpWh0vR2dOAFLftj0K6JgoELYzbACT8JFBbrYg4cp8EbS3cfcbiKAklc&tok=0%40JPs960fwuwAuFQrHB2PYImFB3ZRWmD2QugvdzQXGXFG9ddEO%2Fywxzo7YPdlDgWupcIX2ucnYRTf8WQ%3D%3D","title":"Billy"},{"avatar":"https://dyn.web.whatsapp.com/pp?t=s&u=6281296286864%40c.us&i=1474041548&ref=0%40RpWh0vR2dOAFLftj0K6JgoELYzbACT8JFBbrYg4cp8EbS3cfcbiKAklc&tok=0%40JPs960fwuwAuFQrHB2PYImFB3ZRWmD2QugvdzQXGXFG9ddEO%2Fywxzo7YPdlDgWupcIX2ucnYRTf8WQ%3D%3D","title":"Yanto"},{"avatar":"https://dyn.web.whatsapp.com/pp?t=s&u=6281296323188%40c.us&i=1473700046&ref=0%40RpWh0vR2dOAFLftj0K6JgoELYzbACT8JFBbrYg4cp8EbS3cfcbiKAklc&tok=0%40JPs960fwuwAuFQrHB2PYImFB3ZRWmD2QugvdzQXGXFG9ddEO%2Fywxzo7YPdlDgWupcIX2ucnYRTf8WQ%3D%3D","title":"Yong Livaza"},{"title":"Fabelio"},{"avatar":"https://dyn.web.whatsapp.com/pp?t=s&u=6281313136538-1438167058%40g.us&i=1472193772&ref=0%40RpWh0vR2dOAFLftj0K6JgoELYzbACT8JFBbrYg4cp8EbS3cfcbiKAklc&tok=0%40JPs960fwuwAuFQrHB2PYImFB3ZRWmD2QugvdzQXGXFG9ddEO%2Fywxzo7YPdlDgWupcIX2ucnYRTf8WQ%3D%3D","title":"LIVAZA"},{"title":"Livaza <> Ralali"},{"avatar":"https://dyn.web.whatsapp.com/pp?t=s&u=6281313136538%40c.us&i=1435068864&ref=0%40RpWh0vR2dOAFLftj0K6JgoELYzbACT8JFBbrYg4cp8EbS3cfcbiKAklc&tok=0%40JPs960fwuwAuFQrHB2PYImFB3ZRWmD2QugvdzQXGXFG9ddEO%2Fywxzo7YPdlDgWupcIX2ucnYRTf8WQ%3D%3D","title":"Eddy Livaza"},{"avatar":"https://dyn.web.whatsapp.com/pp?t=s&u=6281313887788%40c.us&i=1467683209&ref=0%40RpWh0vR2dOAFLftj0K6JgoELYzbACT8JFBbrYg4cp8EbS3cfcbiKAklc&tok=0%40JPs960fwuwAuFQrHB2PYImFB3ZRWmD2QugvdzQXGXFG9ddEO%2Fywxzo7YPdlDgWupcIX2ucnYRTf8WQ%3D%3D","title":"Muliadi Jeo"},{"avatar":"https://dyn.web.whatsapp.com/pp?t=s&u=6281316301488%40c.us&i=1474009115&ref=0%40RpWh0vR2dOAFLftj0K6JgoELYzbACT8JFBbrYg4cp8EbS3cfcbiKAklc&tok=0%40JPs960fwuwAuFQrHB2PYImFB3ZRWmD2QugvdzQXGXFG9ddEO%2Fywxzo7YPdlDgWupcIX2ucnYRTf8WQ%3D%3D","title":"+62 813-1630-1488"},{"avatar":"https://dyn.web.whatsapp.com/pp?t=s&u=6281316600178%40c.us&i=1471769913&ref=0%40RpWh0vR2dOAFLftj0K6JgoELYzbACT8JFBbrYg4cp8EbS3cfcbiKAklc&tok=0%40JPs960fwuwAuFQrHB2PYImFB3ZRWmD2QugvdzQXGXFG9ddEO%2Fywxzo7YPdlDgWupcIX2ucnYRTf8WQ%3D%3D","title":"+62 813-1660-0178"},{"avatar":"https://dyn.web.whatsapp.com/pp?t=s&u=6281320000426%40c.us&i=1471331315&ref=0%40RpWh0vR2dOAFLftj0K6JgoELYzbACT8JFBbrYg4cp8EbS3cfcbiKAklc&tok=0%40JPs960fwuwAuFQrHB2PYImFB3ZRWmD2QugvdzQXGXFG9ddEO%2Fywxzo7YPdlDgWupcIX2ucnYRTf8WQ%3D%3D","title":"Evan"},{"avatar":"https://dyn.web.whatsapp.com/pp?t=s&u=6281362080111%40c.us&i=1459411438&ref=0%40RpWh0vR2dOAFLftj0K6JgoELYzbACT8JFBbrYg4cp8EbS3cfcbiKAklc&tok=0%40JPs960fwuwAuFQrHB2PYImFB3ZRWmD2QugvdzQXGXFG9ddEO%2Fywxzo7YPdlDgWupcIX2ucnYRTf8WQ%3D%3D","title":"+62 813-6208-0111"},{"avatar":"https://dyn.web.whatsapp.com/pp?t=s&u=6281399322344%40c.us&i=1470362435&ref=0%40RpWh0vR2dOAFLftj0K6JgoELYzbACT8JFBbrYg4cp8EbS3cfcbiKAklc&tok=0%40JPs960fwuwAuFQrHB2PYImFB3ZRWmD2QugvdzQXGXFG9ddEO%2Fywxzo7YPdlDgWupcIX2ucnYRTf8WQ%3D%3D","title":"Didik Cookpad"},{"avatar":"https://dyn.web.whatsapp.com/pp?t=s&u=628170149122%40c.us&i=1461555923&ref=0%40RpWh0vR2dOAFLftj0K6JgoELYzbACT8JFBbrYg4cp8EbS3cfcbiKAklc&tok=0%40JPs960fwuwAuFQrHB2PYImFB3ZRWmD2QugvdzQXGXFG9ddEO%2Fywxzo7YPdlDgWupcIX2ucnYRTf8WQ%3D%3D","title":"Yoppie Flight Indonesia"},{"avatar":"https://dyn.web.whatsapp.com/pp?t=s&u=628170157259%40c.us&i=1465795418&ref=0%40RpWh0vR2dOAFLftj0K6JgoELYzbACT8JFBbrYg4cp8EbS3cfcbiKAklc&tok=0%40JPs960fwuwAuFQrHB2PYImFB3ZRWmD2QugvdzQXGXFG9ddEO%2Fywxzo7YPdlDgWupcIX2ucnYRTf8WQ%3D%3D","title":"+62 817-0157-259"},{"title":"Andrew Kaskus"},{"avatar":"https://dyn.web.whatsapp.com/pp?t=s&u=62817792952%40c.us&i=1464619838&ref=0%40RpWh0vR2dOAFLftj0K6JgoELYzbACT8JFBbrYg4cp8EbS3cfcbiKAklc&tok=0%40JPs960fwuwAuFQrHB2PYImFB3ZRWmD2QugvdzQXGXFG9ddEO%2Fywxzo7YPdlDgWupcIX2ucnYRTf8WQ%3D%3D","title":"Adwin Livaza"},{"avatar":"https://dyn.web.whatsapp.com/pp?t=s&u=62817820742%40c.us&i=1471145055&ref=0%40RpWh0vR2dOAFLftj0K6JgoELYzbACT8JFBbrYg4cp8EbS3cfcbiKAklc&tok=0%40JPs960fwuwAuFQrHB2PYImFB3ZRWmD2QugvdzQXGXFG9ddEO%2Fywxzo7YPdlDgWupcIX2ucnYRTf8WQ%3D%3D","title":"+62 817-820-742"},{"avatar":"https://dyn.web.whatsapp.com/pp?t=s&u=6281807332717%40c.us&i=1376654813&ref=0%40RpWh0vR2dOAFLftj0K6JgoELYzbACT8JFBbrYg4cp8EbS3cfcbiKAklc&tok=0%40JPs960fwuwAuFQrHB2PYImFB3ZRWmD2QugvdzQXGXFG9ddEO%2Fywxzo7YPdlDgWupcIX2ucnYRTf8WQ%3D%3D","title":"Dondy CK"},{"title":"WEBSITE"},{"avatar":"https://dyn.web.whatsapp.com/pp?t=s&u=6281809217825%40c.us&i=1464440184&ref=0%40RpWh0vR2dOAFLftj0K6JgoELYzbACT8JFBbrYg4cp8EbS3cfcbiKAklc&tok=0%40JPs960fwuwAuFQrHB2PYImFB3ZRWmD2QugvdzQXGXFG9ddEO%2Fywxzo7YPdlDgWupcIX2ucnYRTf8WQ%3D%3D","title":"Emil Livaza"},{"avatar":"https://dyn.web.whatsapp.com/pp?t=s&u=62818140188%40c.us&i=1410781721&ref=0%40RpWh0vR2dOAFLftj0K6JgoELYzbACT8JFBbrYg4cp8EbS3cfcbiKAklc&tok=0%40JPs960fwuwAuFQrHB2PYImFB3ZRWmD2QugvdzQXGXFG9ddEO%2Fywxzo7YPdlDgWupcIX2ucnYRTf8WQ%3D%3D","title":"Teguh Kominfo"},{"avatar":"https://dyn.web.whatsapp.com/pp?t=s&u=62818667898%40c.us&i=1450674321&ref=0%40RpWh0vR2dOAFLftj0K6JgoELYzbACT8JFBbrYg4cp8EbS3cfcbiKAklc&tok=0%40JPs960fwuwAuFQrHB2PYImFB3ZRWmD2QugvdzQXGXFG9ddEO%2Fywxzo7YPdlDgWupcIX2ucnYRTf8WQ%3D%3D","title":"Leontinus CTO Tokopedia"},{"title":"Henry Riady Lippo"},{"avatar":"https://dyn.web.whatsapp.com/pp?t=s&u=6281905509005%40c.us&i=1472364251&ref=0%40RpWh0vR2dOAFLftj0K6JgoELYzbACT8JFBbrYg4cp8EbS3cfcbiKAklc&tok=0%40JPs960fwuwAuFQrHB2PYImFB3ZRWmD2QugvdzQXGXFG9ddEO%2Fywxzo7YPdlDgWupcIX2ucnYRTf8WQ%3D%3D","title":"+62 819-0550-9005"},{"avatar":"https://dyn.web.whatsapp.com/pp?t=s&u=6281919500887%40c.us&i=1452243148&ref=0%40RpWh0vR2dOAFLftj0K6JgoELYzbACT8JFBbrYg4cp8EbS3cfcbiKAklc&tok=0%40JPs960fwuwAuFQrHB2PYImFB3ZRWmD2QugvdzQXGXFG9ddEO%2Fywxzo7YPdlDgWupcIX2ucnYRTf8WQ%3D%3D","title":"Mncshop"},{"avatar":"https://dyn.web.whatsapp.com/pp?t=s&u=628192100922%40c.us&i=1473340729&ref=0%40RpWh0vR2dOAFLftj0K6JgoELYzbACT8JFBbrYg4cp8EbS3cfcbiKAklc&tok=0%40JPs960fwuwAuFQrHB2PYImFB3ZRWmD2QugvdzQXGXFG9ddEO%2Fywxzo7YPdlDgWupcIX2ucnYRTf8WQ%3D%3D","title":"Tribe Hired"},{"title":"IT Livaza"},{"avatar":"https://dyn.web.whatsapp.com/pp?t=s&u=6281927688890%40c.us&i=1392289232&ref=0%40RpWh0vR2dOAFLftj0K6JgoELYzbACT8JFBbrYg4cp8EbS3cfcbiKAklc&tok=0%40JPs960fwuwAuFQrHB2PYImFB3ZRWmD2QugvdzQXGXFG9ddEO%2Fywxzo7YPdlDgWupcIX2ucnYRTf8WQ%3D%3D","title":"Hendro Surono Livaza"},{"avatar":"https://dyn.web.whatsapp.com/pp?t=s&u=6281932232276%40c.us&i=1473750616&ref=0%40RpWh0vR2dOAFLftj0K6JgoELYzbACT8JFBbrYg4cp8EbS3cfcbiKAklc&tok=0%40JPs960fwuwAuFQrHB2PYImFB3ZRWmD2QugvdzQXGXFG9ddEO%2Fywxzo7YPdlDgWupcIX2ucnYRTf8WQ%3D%3D","title":"Anton Livaza"},{"avatar":"https://dyn.web.whatsapp.com/pp?t=s&u=6281932533269%40c.us&i=1471870051&ref=0%40RpWh0vR2dOAFLftj0K6JgoELYzbACT8JFBbrYg4cp8EbS3cfcbiKAklc&tok=0%40JPs960fwuwAuFQrHB2PYImFB3ZRWmD2QugvdzQXGXFG9ddEO%2Fywxzo7YPdlDgWupcIX2ucnYRTf8WQ%3D%3D","title":"+62 819-3253-3269"},{"avatar":"https://dyn.web.whatsapp.com/pp?t=s&u=6281993078264%40c.us&i=1468817681&ref=0%40RpWh0vR2dOAFLftj0K6JgoELYzbACT8JFBbrYg4cp8EbS3cfcbiKAklc&tok=0%40JPs960fwuwAuFQrHB2PYImFB3ZRWmD2QugvdzQXGXFG9ddEO%2Fywxzo7YPdlDgWupcIX2ucnYRTf8WQ%3D%3D","title":"Titus"},{"avatar":"https://dyn.web.whatsapp.com/pp?t=s&u=6282112568951%40c.us&i=1472841946&ref=0%40RpWh0vR2dOAFLftj0K6JgoELYzbACT8JFBbrYg4cp8EbS3cfcbiKAklc&tok=0%40JPs960fwuwAuFQrHB2PYImFB3ZRWmD2QugvdzQXGXFG9ddEO%2Fywxzo7YPdlDgWupcIX2ucnYRTf8WQ%3D%3D","title":"CTO Jakpos"},{"title":"Onboarding ✌"},{"avatar":"https://dyn.web.whatsapp.com/pp?t=s&u=6282114557370%40c.us&i=1472321219&ref=0%40RpWh0vR2dOAFLftj0K6JgoELYzbACT8JFBbrYg4cp8EbS3cfcbiKAklc&tok=0%40JPs960fwuwAuFQrHB2PYImFB3ZRWmD2QugvdzQXGXFG9ddEO%2Fywxzo7YPdlDgWupcIX2ucnYRTf8WQ%3D%3D","title":"Hegar Livaza"},{"title":"+62 821-2928-8270"},{"avatar":"https://dyn.web.whatsapp.com/pp?t=s&u=6282133311100%40c.us&i=1471140094&ref=0%40RpWh0vR2dOAFLftj0K6JgoELYzbACT8JFBbrYg4cp8EbS3cfcbiKAklc&tok=0%40JPs960fwuwAuFQrHB2PYImFB3ZRWmD2QugvdzQXGXFG9ddEO%2Fywxzo7YPdlDgWupcIX2ucnYRTf8WQ%3D%3D","title":"Wiliam Bitcoin Cto"},{"title":"+62 821-8947-5577"},{"avatar":"https://dyn.web.whatsapp.com/pp?t=s&u=6285220106532%40c.us&i=1474041808&ref=0%40RpWh0vR2dOAFLftj0K6JgoELYzbACT8JFBbrYg4cp8EbS3cfcbiKAklc&tok=0%40JPs960fwuwAuFQrHB2PYImFB3ZRWmD2QugvdzQXGXFG9ddEO%2Fywxzo7YPdlDgWupcIX2ucnYRTf8WQ%3D%3D","title":"Naufal Livaza"},{"avatar":"https://dyn.web.whatsapp.com/pp?t=s&u=6285273839851%40c.us&i=1458840652&ref=0%40RpWh0vR2dOAFLftj0K6JgoELYzbACT8JFBbrYg4cp8EbS3cfcbiKAklc&tok=0%40JPs960fwuwAuFQrHB2PYImFB3ZRWmD2QugvdzQXGXFG9ddEO%2Fywxzo7YPdlDgWupcIX2ucnYRTf8WQ%3D%3D","title":"Sofian Pinjam.Co.Id"},{"avatar":"https://dyn.web.whatsapp.com/pp?t=s&u=628563061611%40c.us&i=1446803101&ref=0%40RpWh0vR2dOAFLftj0K6JgoELYzbACT8JFBbrYg4cp8EbS3cfcbiKAklc&tok=0%40JPs960fwuwAuFQrHB2PYImFB3ZRWmD2QugvdzQXGXFG9ddEO%2Fywxzo7YPdlDgWupcIX2ucnYRTf8WQ%3D%3D","title":"Achmad cTO citilink Royhan"},{"avatar":"https://dyn.web.whatsapp.com/pp?t=s&u=6285640791440%40c.us&i=1419252086&ref=0%40RpWh0vR2dOAFLftj0K6JgoELYzbACT8JFBbrYg4cp8EbS3cfcbiKAklc&tok=0%40JPs960fwuwAuFQrHB2PYImFB3ZRWmD2QugvdzQXGXFG9ddEO%2Fywxzo7YPdlDgWupcIX2ucnYRTf8WQ%3D%3D","title":"Cakra"},{"avatar":"https://dyn.web.whatsapp.com/pp?t=s&u=628568989080%40c.us&i=1466311553&ref=0%40RpWh0vR2dOAFLftj0K6JgoELYzbACT8JFBbrYg4cp8EbS3cfcbiKAklc&tok=0%40JPs960fwuwAuFQrHB2PYImFB3ZRWmD2QugvdzQXGXFG9ddEO%2Fywxzo7YPdlDgWupcIX2ucnYRTf8WQ%3D%3D","title":"Eddy Yansen"},{"title":"onboarding"},{"avatar":"https://dyn.web.whatsapp.com/pp?t=s&u=6285697065337%40c.us&i=1473744197&ref=0%40RpWh0vR2dOAFLftj0K6JgoELYzbACT8JFBbrYg4cp8EbS3cfcbiKAklc&tok=0%40JPs960fwuwAuFQrHB2PYImFB3ZRWmD2QugvdzQXGXFG9ddEO%2Fywxzo7YPdlDgWupcIX2ucnYRTf8WQ%3D%3D","title":"Lela"},{"avatar":"https://dyn.web.whatsapp.com/pp?t=s&u=6285714625000%40c.us&i=1472323649&ref=0%40RpWh0vR2dOAFLftj0K6JgoELYzbACT8JFBbrYg4cp8EbS3cfcbiKAklc&tok=0%40JPs960fwuwAuFQrHB2PYImFB3ZRWmD2QugvdzQXGXFG9ddEO%2Fywxzo7YPdlDgWupcIX2ucnYRTf8WQ%3D%3D","title":"Ari"},{"avatar":"https://dyn.web.whatsapp.com/pp?t=s&u=6285735324610%40c.us&i=1427806606&ref=0%40RpWh0vR2dOAFLftj0K6JgoELYzbACT8JFBbrYg4cp8EbS3cfcbiKAklc&tok=0%40JPs960fwuwAuFQrHB2PYImFB3ZRWmD2QugvdzQXGXFG9ddEO%2Fywxzo7YPdlDgWupcIX2ucnYRTf8WQ%3D%3D","title":"+62 857-3532-4610"},{"avatar":"https://dyn.web.whatsapp.com/pp?t=s&u=6285774314938%40c.us&i=1458361805&ref=0%40RpWh0vR2dOAFLftj0K6JgoELYzbACT8JFBbrYg4cp8EbS3cfcbiKAklc&tok=0%40JPs960fwuwAuFQrHB2PYImFB3ZRWmD2QugvdzQXGXFG9ddEO%2Fywxzo7YPdlDgWupcIX2ucnYRTf8WQ%3D%3D","title":"+62 857-7431-4938","unread":true},{"avatar":"https://dyn.web.whatsapp.com/pp?t=s&u=6285785429168%40c.us&i=1453972443&ref=0%40RpWh0vR2dOAFLftj0K6JgoELYzbACT8JFBbrYg4cp8EbS3cfcbiKAklc&tok=0%40JPs960fwuwAuFQrHB2PYImFB3ZRWmD2QugvdzQXGXFG9ddEO%2Fywxzo7YPdlDgWupcIX2ucnYRTf8WQ%3D%3D","title":"Dwi Livaza"},{"title":"Member.id - Raptor"},{"avatar":"https://dyn.web.whatsapp.com/pp?t=s&u=6285811523455%40c.us&i=1471809222&ref=0%40RpWh0vR2dOAFLftj0K6JgoELYzbACT8JFBbrYg4cp8EbS3cfcbiKAklc&tok=0%40JPs960fwuwAuFQrHB2PYImFB3ZRWmD2QugvdzQXGXFG9ddEO%2Fywxzo7YPdlDgWupcIX2ucnYRTf8WQ%3D%3D","title":"Ali Sadikin"},{"avatar":"https://dyn.web.whatsapp.com/pp?t=s&u=6285880520640%40c.us&i=1471180741&ref=0%40RpWh0vR2dOAFLftj0K6JgoELYzbACT8JFBbrYg4cp8EbS3cfcbiKAklc&tok=0%40JPs960fwuwAuFQrHB2PYImFB3ZRWmD2QugvdzQXGXFG9ddEO%2Fywxzo7YPdlDgWupcIX2ucnYRTf8WQ%3D%3D","title":"+62 858-8052-0640"},{"avatar":"https://dyn.web.whatsapp.com/pp?t=s&u=6287738724848%40c.us&i=1473739601&ref=0%40RpWh0vR2dOAFLftj0K6JgoELYzbACT8JFBbrYg4cp8EbS3cfcbiKAklc&tok=0%40JPs960fwuwAuFQrHB2PYImFB3ZRWmD2QugvdzQXGXFG9ddEO%2Fywxzo7YPdlDgWupcIX2ucnYRTf8WQ%3D%3D","title":"Grogol Kost Pria"},{"avatar":"https://dyn.web.whatsapp.com/pp?t=s&u=6287776656213%40c.us&i=1469406087&ref=0%40RpWh0vR2dOAFLftj0K6JgoELYzbACT8JFBbrYg4cp8EbS3cfcbiKAklc&tok=0%40JPs960fwuwAuFQrHB2PYImFB3ZRWmD2QugvdzQXGXFG9ddEO%2Fywxzo7YPdlDgWupcIX2ucnYRTf8WQ%3D%3D","title":"Bli Bli"},{"avatar":"https://dyn.web.whatsapp.com/pp?t=s&u=6287782134248%40c.us&i=1466397422&ref=0%40RpWh0vR2dOAFLftj0K6JgoELYzbACT8JFBbrYg4cp8EbS3cfcbiKAklc&tok=0%40JPs960fwuwAuFQrHB2PYImFB3ZRWmD2QugvdzQXGXFG9ddEO%2Fywxzo7YPdlDgWupcIX2ucnYRTf8WQ%3D%3D","title":"+62 877-8213-4248"},{"avatar":"https://dyn.web.whatsapp.com/pp?t=s&u=6287823271277%40c.us&i=1472293975&ref=0%40RpWh0vR2dOAFLftj0K6JgoELYzbACT8JFBbrYg4cp8EbS3cfcbiKAklc&tok=0%40JPs960fwuwAuFQrHB2PYImFB3ZRWmD2QugvdzQXGXFG9ddEO%2Fywxzo7YPdlDgWupcIX2ucnYRTf8WQ%3D%3D","title":"Timmy Sociabuzz"},{"avatar":"https://dyn.web.whatsapp.com/pp?t=s&u=6287880002266%40c.us&i=1424940236&ref=0%40RpWh0vR2dOAFLftj0K6JgoELYzbACT8JFBbrYg4cp8EbS3cfcbiKAklc&tok=0%40JPs960fwuwAuFQrHB2PYImFB3ZRWmD2QugvdzQXGXFG9ddEO%2Fywxzo7YPdlDgWupcIX2ucnYRTf8WQ%3D%3D","title":"Stella Livaza"},{"avatar":"https://dyn.web.whatsapp.com/pp?t=s&u=6287888505350%40c.us&i=1470722068&ref=0%40RpWh0vR2dOAFLftj0K6JgoELYzbACT8JFBbrYg4cp8EbS3cfcbiKAklc&tok=0%40JPs960fwuwAuFQrHB2PYImFB3ZRWmD2QugvdzQXGXFG9ddEO%2Fywxzo7YPdlDgWupcIX2ucnYRTf8WQ%3D%3D","title":"Arip Parkir"},{"avatar":"https://dyn.web.whatsapp.com/pp?t=s&u=6288217219837%40c.us&i=1472251887&ref=0%40RpWh0vR2dOAFLftj0K6JgoELYzbACT8JFBbrYg4cp8EbS3cfcbiKAklc&tok=0%40JPs960fwuwAuFQrHB2PYImFB3ZRWmD2QugvdzQXGXFG9ddEO%2Fywxzo7YPdlDgWupcIX2ucnYRTf8WQ%3D%3D","title":"Istriku"},{"avatar":"https://dyn.web.whatsapp.com/pp?t=s&u=6288217219857-1468567587%40g.us&i=1468568148&ref=0%40RpWh0vR2dOAFLftj0K6JgoELYzbACT8JFBbrYg4cp8EbS3cfcbiKAklc&tok=0%40JPs960fwuwAuFQrHB2PYImFB3ZRWmD2QugvdzQXGXFG9ddEO%2Fywxzo7YPdlDgWupcIX2ucnYRTf8WQ%3D%3D","title":"Livaza New Layout"},{"avatar":"https://dyn.web.whatsapp.com/pp?t=s&u=6288217219857-1468945954%40g.us&i=1470671657&ref=0%40RpWh0vR2dOAFLftj0K6JgoELYzbACT8JFBbrYg4cp8EbS3cfcbiKAklc&tok=0%40JPs960fwuwAuFQrHB2PYImFB3ZRWmD2QugvdzQXGXFG9ddEO%2Fywxzo7YPdlDgWupcIX2ucnYRTf8WQ%3D%3D","title":"Product Team-Livaza"},{"title":"Livaza onboarding"},{"title":"Livaza Vinculum"},{"avatar":"https://dyn.web.whatsapp.com/pp?t=s&u=6289615865475%40c.us&i=1473590918&ref=0%40RpWh0vR2dOAFLftj0K6JgoELYzbACT8JFBbrYg4cp8EbS3cfcbiKAklc&tok=0%40JPs960fwuwAuFQrHB2PYImFB3ZRWmD2QugvdzQXGXFG9ddEO%2Fywxzo7YPdlDgWupcIX2ucnYRTf8WQ%3D%3D","title":"Haben"},{"avatar":"https://dyn.web.whatsapp.com/pp?t=s&u=6289636845137%40c.us&i=1468293483&ref=0%40RpWh0vR2dOAFLftj0K6JgoELYzbACT8JFBbrYg4cp8EbS3cfcbiKAklc&tok=0%40JPs960fwuwAuFQrHB2PYImFB3ZRWmD2QugvdzQXGXFG9ddEO%2Fywxzo7YPdlDgWupcIX2ucnYRTf8WQ%3D%3D","title":"Ade"},{"avatar":"https://dyn.web.whatsapp.com/pp?t=s&u=6289651407657%40c.us&i=1466812123&ref=0%40RpWh0vR2dOAFLftj0K6JgoELYzbACT8JFBbrYg4cp8EbS3cfcbiKAklc&tok=0%40JPs960fwuwAuFQrHB2PYImFB3ZRWmD2QugvdzQXGXFG9ddEO%2Fywxzo7YPdlDgWupcIX2ucnYRTf8WQ%3D%3D","title":"Tri"},{"avatar":"https://dyn.web.whatsapp.com/pp?t=s&u=628979966869%40c.us&i=1472627053&ref=0%40RpWh0vR2dOAFLftj0K6JgoELYzbACT8JFBbrYg4cp8EbS3cfcbiKAklc&tok=0%40JPs960fwuwAuFQrHB2PYImFB3ZRWmD2QugvdzQXGXFG9ddEO%2Fywxzo7YPdlDgWupcIX2ucnYRTf8WQ%3D%3D","title":"Zen"},{"avatar":"https://dyn.web.whatsapp.com/pp?t=s&u=6584094086%40c.us&i=1365522797&ref=0%40RpWh0vR2dOAFLftj0K6JgoELYzbACT8JFBbrYg4cp8EbS3cfcbiKAklc&tok=0%40JPs960fwuwAuFQrHB2PYImFB3ZRWmD2QugvdzQXGXFG9ddEO%2Fywxzo7YPdlDgWupcIX2ucnYRTf8WQ%3D%3D","title":"Julian E"}]
[{"title":"Unicroach SEA CTOs ftg dr"},{"avatar":"https://dyn.web.whatsapp.com/pp?t=s&u=4917632636654%40c.us&i=1448652967&ref=0%40RpWh0vR2dOAFLftj0K6JgoELYzbACT8JFBbrYg4cp8EbS3cfcbiKAklc&tok=0%40JPs960fwuwAuFQrHB2PYImFB3ZRWmD2QugvdzQXGXFG9ddEO%2Fywxzo7YPdlDgWupcIX2ucnYRTf8WQ%3D%3D","title":"Ahmad Rizqi Meydiarso Yesbos"},{"title":"+60 12-567 1806"},{"avatar":"https://dyn.web.whatsapp.com/pp?t=s&u=60162259866%40c.us&i=1471714411&ref=0%40RpWh0vR2dOAFLftj0K6JgoELYzbACT8JFBbrYg4cp8EbS3cfcbiKAklc&tok=0%40JPs960fwuwAuFQrHB2PYImFB3ZRWmD2QugvdzQXGXFG9ddEO%2Fywxzo7YPdlDgWupcIX2ucnYRTf8WQ%3D%3D","title":"+60 16-225 9866"},{"avatar":"https://dyn.web.whatsapp.com/pp?t=s&u=628111155557%40c.us&i=1471606537&ref=0%40RpWh0vR2dOAFLftj0K6JgoELYzbACT8JFBbrYg4cp8EbS3cfcbiKAklc&tok=0%40JPs960fwuwAuFQrHB2PYImFB3ZRWmD2QugvdzQXGXFG9ddEO%2Fywxzo7YPdlDgWupcIX2ucnYRTf8WQ%3D%3D","title":"+62 811-1155-557"},{"avatar":"https://dyn.web.whatsapp.com/pp?t=s&u=62811190880-1428469302%40g.us&i=1470215828&ref=0%40RpWh0vR2dOAFLftj0K6JgoELYzbACT8JFBbrYg4cp8EbS3cfcbiKAklc&tok=0%40JPs960fwuwAuFQrHB2PYImFB3ZRWmD2QugvdzQXGXFG9ddEO%2Fywxzo7YPdlDgWupcIX2ucnYRTf8WQ%3D%3D","title":"CTO.id"},{"avatar":"https://dyn.web.whatsapp.com/pp?t=s&u=62811190880%40c.us&i=1419505775&ref=0%40RpWh0vR2dOAFLftj0K6JgoELYzbACT8JFBbrYg4cp8EbS3cfcbiKAklc&tok=0%40JPs960fwuwAuFQrHB2PYImFB3ZRWmD2QugvdzQXGXFG9ddEO%2Fywxzo7YPdlDgWupcIX2ucnYRTf8WQ%3D%3D","title":"Natali"},{"avatar":"https://dyn.web.whatsapp.com/pp?t=s&u=62811363535%40c.us&i=1469998364&ref=0%40RpWh0vR2dOAFLftj0K6JgoELYzbACT8JFBbrYg4cp8EbS3cfcbiKAklc&tok=0%40JPs960fwuwAuFQrHB2PYImFB3ZRWmD2QugvdzQXGXFG9ddEO%2Fywxzo7YPdlDgWupcIX2ucnYRTf8WQ%3D%3D","title":"+62 811-363-535"},{"avatar":"https://dyn.web.whatsapp.com/pp?t=s&u=62811811286%40c.us&i=1380390262&ref=0%40RpWh0vR2dOAFLftj0K6JgoELYzbACT8JFBbrYg4cp8EbS3cfcbiKAklc&tok=0%40JPs960fwuwAuFQrHB2PYImFB3ZRWmD2QugvdzQXGXFG9ddEO%2Fywxzo7YPdlDgWupcIX2ucnYRTf8WQ%3D%3D","title":"Roy Contecna"},{"avatar":"https://dyn.web.whatsapp.com/pp?t=s&u=628118627129%40c.us&i=1473487059&ref=0%40RpWh0vR2dOAFLftj0K6JgoELYzbACT8JFBbrYg4cp8EbS3cfcbiKAklc&tok=0%40JPs960fwuwAuFQrHB2PYImFB3ZRWmD2QugvdzQXGXFG9ddEO%2Fywxzo7YPdlDgWupcIX2ucnYRTf8WQ%3D%3D","title":"+62 811-8627-129"},{"avatar":"https://dyn.web.whatsapp.com/pp?t=s&u=628119502673%40c.us&i=1465374164&ref=0%40RpWh0vR2dOAFLftj0K6JgoELYzbACT8JFBbrYg4cp8EbS3cfcbiKAklc&tok=0%40JPs960fwuwAuFQrHB2PYImFB3ZRWmD2QugvdzQXGXFG9ddEO%2Fywxzo7YPdlDgWupcIX2ucnYRTf8WQ%3D%3D","title":"+62 811-9502-673"},{"title":"Fajar Happy Fresh"},{"avatar":"https://dyn.web.whatsapp.com/pp?t=s&u=628119911038%40c.us&i=1470393066&ref=0%40RpWh0vR2dOAFLftj0K6JgoELYzbACT8JFBbrYg4cp8EbS3cfcbiKAklc&tok=0%40JPs960fwuwAuFQrHB2PYImFB3ZRWmD2QugvdzQXGXFG9ddEO%2Fywxzo7YPdlDgWupcIX2ucnYRTf8WQ%3D%3D","title":"Edy Senjaya"},{"title":"Raptor - Ismaya (CRM)"},{"avatar":"https://dyn.web.whatsapp.com/pp?t=s&u=628121071666%40c.us&i=1473302948&ref=0%40RpWh0vR2dOAFLftj0K6JgoELYzbACT8JFBbrYg4cp8EbS3cfcbiKAklc&tok=0%40JPs960fwuwAuFQrHB2PYImFB3ZRWmD2QugvdzQXGXFG9ddEO%2Fywxzo7YPdlDgWupcIX2ucnYRTf8WQ%3D%3D","title":"Anna Bca"},{"avatar":"https://dyn.web.whatsapp.com/pp?t=s&u=6281279858588%40c.us&i=1465179559&ref=0%40RpWh0vR2dOAFLftj0K6JgoELYzbACT8JFBbrYg4cp8EbS3cfcbiKAklc&tok=0%40JPs960fwuwAuFQrHB2PYImFB3ZRWmD2QugvdzQXGXFG9ddEO%2Fywxzo7YPdlDgWupcIX2ucnYRTf8WQ%3D%3D","title":"Juhanda So"},{"avatar":"https://dyn.web.whatsapp.com/pp?t=s&u=6281282998899%40c.us&i=1453280256&ref=0%40RpWh0vR2dOAFLftj0K6JgoELYzbACT8JFBbrYg4cp8EbS3cfcbiKAklc&tok=0%40JPs960fwuwAuFQrHB2PYImFB3ZRWmD2QugvdzQXGXFG9ddEO%2Fywxzo7YPdlDgWupcIX2ucnYRTf8WQ%3D%3D","title":"Wira Koinworks"},{"avatar":"https://dyn.web.whatsapp.com/pp?t=s&u=6281283576269-1469008701%40g.us&i=1469008772&ref=0%40RpWh0vR2dOAFLftj0K6JgoELYzbACT8JFBbrYg4cp8EbS3cfcbiKAklc&tok=0%40JPs960fwuwAuFQrHB2PYImFB3ZRWmD2QugvdzQXGXFG9ddEO%2Fywxzo7YPdlDgWupcIX2ucnYRTf8WQ%3D%3D","title":"Tim Klepon Livaza"},{"avatar":"https://dyn.web.whatsapp.com/pp?t=s&u=6281283576269-1469424747%40g.us&i=1469432410&ref=0%40RpWh0vR2dOAFLftj0K6JgoELYzbACT8JFBbrYg4cp8EbS3cfcbiKAklc&tok=0%40JPs960fwuwAuFQrHB2PYImFB3ZRWmD2QugvdzQXGXFG9ddEO%2Fywxzo7YPdlDgWupcIX2ucnYRTf8WQ%3D%3D","title":"Livaza Youngbloods"},{"avatar":"https://dyn.web.whatsapp.com/pp?t=s&u=6281283576269%40c.us&i=1473649774&ref=0%40RpWh0vR2dOAFLftj0K6JgoELYzbACT8JFBbrYg4cp8EbS3cfcbiKAklc&tok=0%40JPs960fwuwAuFQrHB2PYImFB3ZRWmD2QugvdzQXGXFG9ddEO%2Fywxzo7YPdlDgWupcIX2ucnYRTf8WQ%3D%3D","title":"andhika Livaza"},{"avatar":"https://dyn.web.whatsapp.com/pp?t=s&u=6281283670549%40c.us&i=1470813570&ref=0%40RpWh0vR2dOAFLftj0K6JgoELYzbACT8JFBbrYg4cp8EbS3cfcbiKAklc&tok=0%40JPs960fwuwAuFQrHB2PYImFB3ZRWmD2QugvdzQXGXFG9ddEO%2Fywxzo7YPdlDgWupcIX2ucnYRTf8WQ%3D%3D","title":"Hengki"},{"avatar":"https://dyn.web.whatsapp.com/pp?t=s&u=6281288825701%40c.us&i=1470669642&ref=0%40RpWh0vR2dOAFLftj0K6JgoELYzbACT8JFBbrYg4cp8EbS3cfcbiKAklc&tok=0%40JPs960fwuwAuFQrHB2PYImFB3ZRWmD2QugvdzQXGXFG9ddEO%2Fywxzo7YPdlDgWupcIX2ucnYRTf8WQ%3D%3D","title":"Billy"},{"avatar":"https://dyn.web.whatsapp.com/pp?t=s&u=6281296286864%40c.us&i=1474041548&ref=0%40RpWh0vR2dOAFLftj0K6JgoELYzbACT8JFBbrYg4cp8EbS3cfcbiKAklc&tok=0%40JPs960fwuwAuFQrHB2PYImFB3ZRWmD2QugvdzQXGXFG9ddEO%2Fywxzo7YPdlDgWupcIX2ucnYRTf8WQ%3D%3D","title":"Yanto"},{"avatar":"https://dyn.web.whatsapp.com/pp?t=s&u=6281296323188%40c.us&i=1473700046&ref=0%40RpWh0vR2dOAFLftj0K6JgoELYzbACT8JFBbrYg4cp8EbS3cfcbiKAklc&tok=0%40JPs960fwuwAuFQrHB2PYImFB3ZRWmD2QugvdzQXGXFG9ddEO%2Fywxzo7YPdlDgWupcIX2ucnYRTf8WQ%3D%3D","title":"Yong Livaza"},{"title":"Fabelio"},{"avatar":"https://dyn.web.whatsapp.com/pp?t=s&u=6281313136538-1438167058%40g.us&i=1472193772&ref=0%40RpWh0vR2dOAFLftj0K6JgoELYzbACT8JFBbrYg4cp8EbS3cfcbiKAklc&tok=0%40JPs960fwuwAuFQrHB2PYImFB3ZRWmD2QugvdzQXGXFG9ddEO%2Fywxzo7YPdlDgWupcIX2ucnYRTf8WQ%3D%3D","title":"LIVAZA"},{"title":"Livaza <> Ralali"},{"avatar":"https://dyn.web.whatsapp.com/pp?t=s&u=6281313136538%40c.us&i=1435068864&ref=0%40RpWh0vR2dOAFLftj0K6JgoELYzbACT8JFBbrYg4cp8EbS3cfcbiKAklc&tok=0%40JPs960fwuwAuFQrHB2PYImFB3ZRWmD2QugvdzQXGXFG9ddEO%2Fywxzo7YPdlDgWupcIX2ucnYRTf8WQ%3D%3D","title":"Eddy Livaza"},{"avatar":"https://dyn.web.whatsapp.com/pp?t=s&u=6281313887788%40c.us&i=1467683209&ref=0%40RpWh0vR2dOAFLftj0K6JgoELYzbACT8JFBbrYg4cp8EbS3cfcbiKAklc&tok=0%40JPs960fwuwAuFQrHB2PYImFB3ZRWmD2QugvdzQXGXFG9ddEO%2Fywxzo7YPdlDgWupcIX2ucnYRTf8WQ%3D%3D","title":"Muliadi Jeo"},{"avatar":"https://dyn.web.whatsapp.com/pp?t=s&u=6281316301488%40c.us&i=1474009115&ref=0%40RpWh0vR2dOAFLftj0K6JgoELYzbACT8JFBbrYg4cp8EbS3cfcbiKAklc&tok=0%40JPs960fwuwAuFQrHB2PYImFB3ZRWmD2QugvdzQXGXFG9ddEO%2Fywxzo7YPdlDgWupcIX2ucnYRTf8WQ%3D%3D","title":"+62 813-1630-1488"},{"avatar":"https://dyn.web.whatsapp.com/pp?t=s&u=6281316600178%40c.us&i=1471769913&ref=0%40RpWh0vR2dOAFLftj0K6JgoELYzbACT8JFBbrYg4cp8EbS3cfcbiKAklc&tok=0%40JPs960fwuwAuFQrHB2PYImFB3ZRWmD2QugvdzQXGXFG9ddEO%2Fywxzo7YPdlDgWupcIX2ucnYRTf8WQ%3D%3D","title":"+62 813-1660-0178"},{"avatar":"https://dyn.web.whatsapp.com/pp?t=s&u=6281320000426%40c.us&i=1471331315&ref=0%40RpWh0vR2dOAFLftj0K6JgoELYzbACT8JFBbrYg4cp8EbS3cfcbiKAklc&tok=0%40JPs960fwuwAuFQrHB2PYImFB3ZRWmD2QugvdzQXGXFG9ddEO%2Fywxzo7YPdlDgWupcIX2ucnYRTf8WQ%3D%3D","title":"Evan"},{"avatar":"https://dyn.web.whatsapp.com/pp?t=s&u=6281362080111%40c.us&i=1459411438&ref=0%40RpWh0vR2dOAFLftj0K6JgoELYzbACT8JFBbrYg4cp8EbS3cfcbiKAklc&tok=0%40JPs960fwuwAuFQrHB2PYImFB3ZRWmD2QugvdzQXGXFG9ddEO%2Fywxzo7YPdlDgWupcIX2ucnYRTf8WQ%3D%3D","title":"+62 813-6208-0111"},{"avatar":"https://dyn.web.whatsapp.com/pp?t=s&u=6281399322344%40c.us&i=1470362435&ref=0%40RpWh0vR2dOAFLftj0K6JgoELYzbACT8JFBbrYg4cp8EbS3cfcbiKAklc&tok=0%40JPs960fwuwAuFQrHB2PYImFB3ZRWmD2QugvdzQXGXFG9ddEO%2Fywxzo7YPdlDgWupcIX2ucnYRTf8WQ%3D%3D","title":"Didik Cookpad"},{"avatar":"https://dyn.web.whatsapp.com/pp?t=s&u=628170149122%40c.us&i=1461555923&ref=0%40RpWh0vR2dOAFLftj0K6JgoELYzbACT8JFBbrYg4cp8EbS3cfcbiKAklc&tok=0%40JPs960fwuwAuFQrHB2PYImFB3ZRWmD2QugvdzQXGXFG9ddEO%2Fywxzo7YPdlDgWupcIX2ucnYRTf8WQ%3D%3D","title":"Yoppie Flight Indonesia"},{"avatar":"https://dyn.web.whatsapp.com/pp?t=s&u=628170157259%40c.us&i=1465795418&ref=0%40RpWh0vR2dOAFLftj0K6JgoELYzbACT8JFBbrYg4cp8EbS3cfcbiKAklc&tok=0%40JPs960fwuwAuFQrHB2PYImFB3ZRWmD2QugvdzQXGXFG9ddEO%2Fywxzo7YPdlDgWupcIX2ucnYRTf8WQ%3D%3D","title":"+62 817-0157-259"},{"title":"Andrew Kaskus"},{"avatar":"https://dyn.web.whatsapp.com/pp?t=s&u=62817792952%40c.us&i=1464619838&ref=0%40RpWh0vR2dOAFLftj0K6JgoELYzbACT8JFBbrYg4cp8EbS3cfcbiKAklc&tok=0%40JPs960fwuwAuFQrHB2PYImFB3ZRWmD2QugvdzQXGXFG9ddEO%2Fywxzo7YPdlDgWupcIX2ucnYRTf8WQ%3D%3D","title":"Adwin Livaza"},{"avatar":"https://dyn.web.whatsapp.com/pp?t=s&u=62817820742%40c.us&i=1471145055&ref=0%40RpWh0vR2dOAFLftj0K6JgoELYzbACT8JFBbrYg4cp8EbS3cfcbiKAklc&tok=0%40JPs960fwuwAuFQrHB2PYImFB3ZRWmD2QugvdzQXGXFG9ddEO%2Fywxzo7YPdlDgWupcIX2ucnYRTf8WQ%3D%3D","title":"+62 817-820-742"},{"avatar":"https://dyn.web.whatsapp.com/pp?t=s&u=6281807332717%40c.us&i=1376654813&ref=0%40RpWh0vR2dOAFLftj0K6JgoELYzbACT8JFBbrYg4cp8EbS3cfcbiKAklc&tok=0%40JPs960fwuwAuFQrHB2PYImFB3ZRWmD2QugvdzQXGXFG9ddEO%2Fywxzo7YPdlDgWupcIX2ucnYRTf8WQ%3D%3D","title":"Dondy CK"},{"title":"WEBSITE"},{"avatar":"https://dyn.web.whatsapp.com/pp?t=s&u=6281809217825%40c.us&i=1464440184&ref=0%40RpWh0vR2dOAFLftj0K6JgoELYzbACT8JFBbrYg4cp8EbS3cfcbiKAklc&tok=0%40JPs960fwuwAuFQrHB2PYImFB3ZRWmD2QugvdzQXGXFG9ddEO%2Fywxzo7YPdlDgWupcIX2ucnYRTf8WQ%3D%3D","title":"Emil Livaza"},{"avatar":"https://dyn.web.whatsapp.com/pp?t=s&u=62818140188%40c.us&i=1410781721&ref=0%40RpWh0vR2dOAFLftj0K6JgoELYzbACT8JFBbrYg4cp8EbS3cfcbiKAklc&tok=0%40JPs960fwuwAuFQrHB2PYImFB3ZRWmD2QugvdzQXGXFG9ddEO%2Fywxzo7YPdlDgWupcIX2ucnYRTf8WQ%3D%3D","title":"Teguh Kominfo"},{"avatar":"https://dyn.web.whatsapp.com/pp?t=s&u=62818667898%40c.us&i=1450674321&ref=0%40RpWh0vR2dOAFLftj0K6JgoELYzbACT8JFBbrYg4cp8EbS3cfcbiKAklc&tok=0%40JPs960fwuwAuFQrHB2PYImFB3ZRWmD2QugvdzQXGXFG9ddEO%2Fywxzo7YPdlDgWupcIX2ucnYRTf8WQ%3D%3D","title":"Leontinus CTO Tokopedia"},{"title":"Henry Riady Lippo"},{"avatar":"https://dyn.web.whatsapp.com/pp?t=s&u=6281905509005%40c.us&i=1472364251&ref=0%40RpWh0vR2dOAFLftj0K6JgoELYzbACT8JFBbrYg4cp8EbS3cfcbiKAklc&tok=0%40JPs960fwuwAuFQrHB2PYImFB3ZRWmD2QugvdzQXGXFG9ddEO%2Fywxzo7YPdlDgWupcIX2ucnYRTf8WQ%3D%3D","title":"+62 819-0550-9005"},{"avatar":"https://dyn.web.whatsapp.com/pp?t=s&u=6281919500887%40c.us&i=1452243148&ref=0%40RpWh0vR2dOAFLftj0K6JgoELYzbACT8JFBbrYg4cp8EbS3cfcbiKAklc&tok=0%40JPs960fwuwAuFQrHB2PYImFB3ZRWmD2QugvdzQXGXFG9ddEO%2Fywxzo7YPdlDgWupcIX2ucnYRTf8WQ%3D%3D","title":"Mncshop"},{"avatar":"https://dyn.web.whatsapp.com/pp?t=s&u=628192100922%40c.us&i=1473340729&ref=0%40RpWh0vR2dOAFLftj0K6JgoELYzbACT8JFBbrYg4cp8EbS3cfcbiKAklc&tok=0%40JPs960fwuwAuFQrHB2PYImFB3ZRWmD2QugvdzQXGXFG9ddEO%2Fywxzo7YPdlDgWupcIX2ucnYRTf8WQ%3D%3D","title":"Tribe Hired"},{"title":"IT Livaza"},{"avatar":"https://dyn.web.whatsapp.com/pp?t=s&u=6281927688890%40c.us&i=1392289232&ref=0%40RpWh0vR2dOAFLftj0K6JgoELYzbACT8JFBbrYg4cp8EbS3cfcbiKAklc&tok=0%40JPs960fwuwAuFQrHB2PYImFB3ZRWmD2QugvdzQXGXFG9ddEO%2Fywxzo7YPdlDgWupcIX2ucnYRTf8WQ%3D%3D","title":"Hendro Surono Livaza"},{"avatar":"https://dyn.web.whatsapp.com/pp?t=s&u=6281932232276%40c.us&i=1473750616&ref=0%40RpWh0vR2dOAFLftj0K6JgoELYzbACT8JFBbrYg4cp8EbS3cfcbiKAklc&tok=0%40JPs960fwuwAuFQrHB2PYImFB3ZRWmD2QugvdzQXGXFG9ddEO%2Fywxzo7YPdlDgWupcIX2ucnYRTf8WQ%3D%3D","title":"Anton Livaza"},{"avatar":"https://dyn.web.whatsapp.com/pp?t=s&u=6281932533269%40c.us&i=1471870051&ref=0%40RpWh0vR2dOAFLftj0K6JgoELYzbACT8JFBbrYg4cp8EbS3cfcbiKAklc&tok=0%40JPs960fwuwAuFQrHB2PYImFB3ZRWmD2QugvdzQXGXFG9ddEO%2Fywxzo7YPdlDgWupcIX2ucnYRTf8WQ%3D%3D","title":"+62 819-3253-3269"},{"avatar":"https://dyn.web.whatsapp.com/pp?t=s&u=6281993078264%40c.us&i=1468817681&ref=0%40RpWh0vR2dOAFLftj0K6JgoELYzbACT8JFBbrYg4cp8EbS3cfcbiKAklc&tok=0%40JPs960fwuwAuFQrHB2PYImFB3ZRWmD2QugvdzQXGXFG9ddEO%2Fywxzo7YPdlDgWupcIX2ucnYRTf8WQ%3D%3D","title":"Titus"},{"avatar":"https://dyn.web.whatsapp.com/pp?t=s&u=6282112568951%40c.us&i=1472841946&ref=0%40RpWh0vR2dOAFLftj0K6JgoELYzbACT8JFBbrYg4cp8EbS3cfcbiKAklc&tok=0%40JPs960fwuwAuFQrHB2PYImFB3ZRWmD2QugvdzQXGXFG9ddEO%2Fywxzo7YPdlDgWupcIX2ucnYRTf8WQ%3D%3D","title":"CTO Jakpos"},{"title":"Onboarding ✌"},{"avatar":"https://dyn.web.whatsapp.com/pp?t=s&u=6282114557370%40c.us&i=1472321219&ref=0%40RpWh0vR2dOAFLftj0K6JgoELYzbACT8JFBbrYg4cp8EbS3cfcbiKAklc&tok=0%40JPs960fwuwAuFQrHB2PYImFB3ZRWmD2QugvdzQXGXFG9ddEO%2Fywxzo7YPdlDgWupcIX2ucnYRTf8WQ%3D%3D","title":"Hegar Livaza"},{"title":"+62 821-2928-8270"},{"avatar":"https://dyn.web.whatsapp.com/pp?t=s&u=6282133311100%40c.us&i=1471140094&ref=0%40RpWh0vR2dOAFLftj0K6JgoELYzbACT8JFBbrYg4cp8EbS3cfcbiKAklc&tok=0%40JPs960fwuwAuFQrHB2PYImFB3ZRWmD2QugvdzQXGXFG9ddEO%2Fywxzo7YPdlDgWupcIX2ucnYRTf8WQ%3D%3D","title":"Wiliam Bitcoin Cto"},{"title":"+62 821-8947-5577"},{"avatar":"https://dyn.web.whatsapp.com/pp?t=s&u=6285220106532%40c.us&i=1474041808&ref=0%40RpWh0vR2dOAFLftj0K6JgoELYzbACT8JFBbrYg4cp8EbS3cfcbiKAklc&tok=0%40JPs960fwuwAuFQrHB2PYImFB3ZRWmD2QugvdzQXGXFG9ddEO%2Fywxzo7YPdlDgWupcIX2ucnYRTf8WQ%3D%3D","title":"Naufal Livaza"},{"avatar":"https://dyn.web.whatsapp.com/pp?t=s&u=6285273839851%40c.us&i=1458840652&ref=0%40RpWh0vR2dOAFLftj0K6JgoELYzbACT8JFBbrYg4cp8EbS3cfcbiKAklc&tok=0%40JPs960fwuwAuFQrHB2PYImFB3ZRWmD2QugvdzQXGXFG9ddEO%2Fywxzo7YPdlDgWupcIX2ucnYRTf8WQ%3D%3D","title":"Sofian Pinjam.Co.Id"},{"avatar":"https://dyn.web.whatsapp.com/pp?t=s&u=628563061611%40c.us&i=1446803101&ref=0%40RpWh0vR2dOAFLftj0K6JgoELYzbACT8JFBbrYg4cp8EbS3cfcbiKAklc&tok=0%40JPs960fwuwAuFQrHB2PYImFB3ZRWmD2QugvdzQXGXFG9ddEO%2Fywxzo7YPdlDgWupcIX2ucnYRTf8WQ%3D%3D","title":"Achmad cTO citilink Royhan"},{"avatar":"https://dyn.web.whatsapp.com/pp?t=s&u=6285640791440%40c.us&i=1419252086&ref=0%40RpWh0vR2dOAFLftj0K6JgoELYzbACT8JFBbrYg4cp8EbS3cfcbiKAklc&tok=0%40JPs960fwuwAuFQrHB2PYImFB3ZRWmD2QugvdzQXGXFG9ddEO%2Fywxzo7YPdlDgWupcIX2ucnYRTf8WQ%3D%3D","title":"Cakra"},{"avatar":"https://dyn.web.whatsapp.com/pp?t=s&u=628568989080%40c.us&i=1466311553&ref=0%40RpWh0vR2dOAFLftj0K6JgoELYzbACT8JFBbrYg4cp8EbS3cfcbiKAklc&tok=0%40JPs960fwuwAuFQrHB2PYImFB3ZRWmD2QugvdzQXGXFG9ddEO%2Fywxzo7YPdlDgWupcIX2ucnYRTf8WQ%3D%3D","title":"Eddy Yansen"},{"title":"onboarding"},{"avatar":"https://dyn.web.whatsapp.com/pp?t=s&u=6285697065337%40c.us&i=1473744197&ref=0%40RpWh0vR2dOAFLftj0K6JgoELYzbACT8JFBbrYg4cp8EbS3cfcbiKAklc&tok=0%40JPs960fwuwAuFQrHB2PYImFB3ZRWmD2QugvdzQXGXFG9ddEO%2Fywxzo7YPdlDgWupcIX2ucnYRTf8WQ%3D%3D","title":"Lela"},{"avatar":"https://dyn.web.whatsapp.com/pp?t=s&u=6285714625000%40c.us&i=1472323649&ref=0%40RpWh0vR2dOAFLftj0K6JgoELYzbACT8JFBbrYg4cp8EbS3cfcbiKAklc&tok=0%40JPs960fwuwAuFQrHB2PYImFB3ZRWmD2QugvdzQXGXFG9ddEO%2Fywxzo7YPdlDgWupcIX2ucnYRTf8WQ%3D%3D","title":"Ari"},{"avatar":"https://dyn.web.whatsapp.com/pp?t=s&u=6285735324610%40c.us&i=1427806606&ref=0%40RpWh0vR2dOAFLftj0K6JgoELYzbACT8JFBbrYg4cp8EbS3cfcbiKAklc&tok=0%40JPs960fwuwAuFQrHB2PYImFB3ZRWmD2QugvdzQXGXFG9ddEO%2Fywxzo7YPdlDgWupcIX2ucnYRTf8WQ%3D%3D","title":"+62 857-3532-4610"},{"avatar":"https://dyn.web.whatsapp.com/pp?t=s&u=6285774314938%40c.us&i=1458361805&ref=0%40RpWh0vR2dOAFLftj0K6JgoELYzbACT8JFBbrYg4cp8EbS3cfcbiKAklc&tok=0%40JPs960fwuwAuFQrHB2PYImFB3ZRWmD2QugvdzQXGXFG9ddEO%2Fywxzo7YPdlDgWupcIX2ucnYRTf8WQ%3D%3D","title":"+62 857-7431-4938","unread":true},{"avatar":"https://dyn.web.whatsapp.com/pp?t=s&u=6285785429168%40c.us&i=1453972443&ref=0%40RpWh0vR2dOAFLftj0K6JgoELYzbACT8JFBbrYg4cp8EbS3cfcbiKAklc&tok=0%40JPs960fwuwAuFQrHB2PYImFB3ZRWmD2QugvdzQXGXFG9ddEO%2Fywxzo7YPdlDgWupcIX2ucnYRTf8WQ%3D%3D","title":"Dwi Livaza"},{"title":"Member.id - Raptor"},{"avatar":"https://dyn.web.whatsapp.com/pp?t=s&u=6285811523455%40c.us&i=1471809222&ref=0%40RpWh0vR2dOAFLftj0K6JgoELYzbACT8JFBbrYg4cp8EbS3cfcbiKAklc&tok=0%40JPs960fwuwAuFQrHB2PYImFB3ZRWmD2QugvdzQXGXFG9ddEO%2Fywxzo7YPdlDgWupcIX2ucnYRTf8WQ%3D%3D","title":"Ali Sadikin"},{"avatar":"https://dyn.web.whatsapp.com/pp?t=s&u=6285880520640%40c.us&i=1471180741&ref=0%40RpWh0vR2dOAFLftj0K6JgoELYzbACT8JFBbrYg4cp8EbS3cfcbiKAklc&tok=0%40JPs960fwuwAuFQrHB2PYImFB3ZRWmD2QugvdzQXGXFG9ddEO%2Fywxzo7YPdlDgWupcIX2ucnYRTf8WQ%3D%3D","title":"+62 858-8052-0640"},{"avatar":"https://dyn.web.whatsapp.com/pp?t=s&u=6287738724848%40c.us&i=1473739601&ref=0%40RpWh0vR2dOAFLftj0K6JgoELYzbACT8JFBbrYg4cp8EbS3cfcbiKAklc&tok=0%40JPs960fwuwAuFQrHB2PYImFB3ZRWmD2QugvdzQXGXFG9ddEO%2Fywxzo7YPdlDgWupcIX2ucnYRTf8WQ%3D%3D","title":"Grogol Kost Pria"},{"avatar":"https://dyn.web.whatsapp.com/pp?t=s&u=6287776656213%40c.us&i=1469406087&ref=0%40RpWh0vR2dOAFLftj0K6JgoELYzbACT8JFBbrYg4cp8EbS3cfcbiKAklc&tok=0%40JPs960fwuwAuFQrHB2PYImFB3ZRWmD2QugvdzQXGXFG9ddEO%2Fywxzo7YPdlDgWupcIX2ucnYRTf8WQ%3D%3D","title":"Bli Bli"},{"avatar":"https://dyn.web.whatsapp.com/pp?t=s&u=6287782134248%40c.us&i=1466397422&ref=0%40RpWh0vR2dOAFLftj0K6JgoELYzbACT8JFBbrYg4cp8EbS3cfcbiKAklc&tok=0%40JPs960fwuwAuFQrHB2PYImFB3ZRWmD2QugvdzQXGXFG9ddEO%2Fywxzo7YPdlDgWupcIX2ucnYRTf8WQ%3D%3D","title":"+62 877-8213-4248"},{"avatar":"https://dyn.web.whatsapp.com/pp?t=s&u=6287823271277%40c.us&i=1472293975&ref=0%40RpWh0vR2dOAFLftj0K6JgoELYzbACT8JFBbrYg4cp8EbS3cfcbiKAklc&tok=0%40JPs960fwuwAuFQrHB2PYImFB3ZRWmD2QugvdzQXGXFG9ddEO%2Fywxzo7YPdlDgWupcIX2ucnYRTf8WQ%3D%3D","title":"Timmy Sociabuzz"},{"avatar":"https://dyn.web.whatsapp.com/pp?t=s&u=6287880002266%40c.us&i=1424940236&ref=0%40RpWh0vR2dOAFLftj0K6JgoELYzbACT8JFBbrYg4cp8EbS3cfcbiKAklc&tok=0%40JPs960fwuwAuFQrHB2PYImFB3ZRWmD2QugvdzQXGXFG9ddEO%2Fywxzo7YPdlDgWupcIX2ucnYRTf8WQ%3D%3D","title":"Stella Livaza"},{"avatar":"https://dyn.web.whatsapp.com/pp?t=s&u=6287888505350%40c.us&i=1470722068&ref=0%40RpWh0vR2dOAFLftj0K6JgoELYzbACT8JFBbrYg4cp8EbS3cfcbiKAklc&tok=0%40JPs960fwuwAuFQrHB2PYImFB3ZRWmD2QugvdzQXGXFG9ddEO%2Fywxzo7YPdlDgWupcIX2ucnYRTf8WQ%3D%3D","title":"Arip Parkir"},{"avatar":"https://dyn.web.whatsapp.com/pp?t=s&u=6288217219837%40c.us&i=1472251887&ref=0%40RpWh0vR2dOAFLftj0K6JgoELYzbACT8JFBbrYg4cp8EbS3cfcbiKAklc&tok=0%40JPs960fwuwAuFQrHB2PYImFB3ZRWmD2QugvdzQXGXFG9ddEO%2Fywxzo7YPdlDgWupcIX2ucnYRTf8WQ%3D%3D","title":"Istriku"},{"avatar":"https://dyn.web.whatsapp.com/pp?t=s&u=6288217219857-1468567587%40g.us&i=1468568148&ref=0%40RpWh0vR2dOAFLftj0K6JgoELYzbACT8JFBbrYg4cp8EbS3cfcbiKAklc&tok=0%40JPs960fwuwAuFQrHB2PYImFB3ZRWmD2QugvdzQXGXFG9ddEO%2Fywxzo7YPdlDgWupcIX2ucnYRTf8WQ%3D%3D","title":"Livaza New Layout"},{"avatar":"https://dyn.web.whatsapp.com/pp?t=s&u=6288217219857-1468945954%40g.us&i=1470671657&ref=0%40RpWh0vR2dOAFLftj0K6JgoELYzbACT8JFBbrYg4cp8EbS3cfcbiKAklc&tok=0%40JPs960fwuwAuFQrHB2PYImFB3ZRWmD2QugvdzQXGXFG9ddEO%2Fywxzo7YPdlDgWupcIX2ucnYRTf8WQ%3D%3D","title":"Product Team-Livaza"},{"title":"Livaza onboarding"},{"title":"Livaza Vinculum"},{"avatar":"https://dyn.web.whatsapp.com/pp?t=s&u=6289615865475%40c.us&i=1473590918&ref=0%40RpWh0vR2dOAFLftj0K6JgoELYzbACT8JFBbrYg4cp8EbS3cfcbiKAklc&tok=0%40JPs960fwuwAuFQrHB2PYImFB3ZRWmD2QugvdzQXGXFG9ddEO%2Fywxzo7YPdlDgWupcIX2ucnYRTf8WQ%3D%3D","title":"Haben"},{"avatar":"https://dyn.web.whatsapp.com/pp?t=s&u=6289636845137%40c.us&i=1468293483&ref=0%40RpWh0vR2dOAFLftj0K6JgoELYzbACT8JFBbrYg4cp8EbS3cfcbiKAklc&tok=0%40JPs960fwuwAuFQrHB2PYImFB3ZRWmD2QugvdzQXGXFG9ddEO%2Fywxzo7YPdlDgWupcIX2ucnYRTf8WQ%3D%3D","title":"Ade"},{"avatar":"https://dyn.web.whatsapp.com/pp?t=s&u=6289651407657%40c.us&i=1466812123&ref=0%40RpWh0vR2dOAFLftj0K6JgoELYzbACT8JFBbrYg4cp8EbS3cfcbiKAklc&tok=0%40JPs960fwuwAuFQrHB2PYImFB3ZRWmD2QugvdzQXGXFG9ddEO%2Fywxzo7YPdlDgWupcIX2ucnYRTf8WQ%3D%3D","title":"Tri"},{"avatar":"https://dyn.web.whatsapp.com/pp?t=s&u=628979966869%40c.us&i=1472627053&ref=0%40RpWh0vR2dOAFLftj0K6JgoELYzbACT8JFBbrYg4cp8EbS3cfcbiKAklc&tok=0%40JPs960fwuwAuFQrHB2PYImFB3ZRWmD2QugvdzQXGXFG9ddEO%2Fywxzo7YPdlDgWupcIX2ucnYRTf8WQ%3D%3D","title":"Zen"},{"avatar":"https://dyn.web.whatsapp.com/pp?t=s&u=6584094086%40c.us&i=1365522797&ref=0%40RpWh0vR2dOAFLftj0K6JgoELYzbACT8JFBbrYg4cp8EbS3cfcbiKAklc&tok=0%40JPs960fwuwAuFQrHB2PYImFB3ZRWmD2QugvdzQXGXFG9ddEO%2Fywxzo7YPdlDgWupcIX2ucnYRTf8WQ%3D%3D","title":"Julian E"}]
[{"title":"Unicroach SEA CTOs ftg dr"},{"avatar":"https://dyn.web.whatsapp.com/pp?t=s&u=4917632636654%40c.us&i=1448652967&ref=0%40RpWh0vR2dOAFLftj0K6JgoELYzbACT8JFBbrYg4cp8EbS3cfcbiKAklc&tok=0%40JPs960fwuwAuFQrHB2PYImFB3ZRWmD2QugvdzQXGXFG9ddEO%2Fywxzo7YPdlDgWupcIX2ucnYRTf8WQ%3D%3D","title":"Ahmad Rizqi Meydiarso Yesbos"},{"title":"+60 12-567 1806"},{"avatar":"https://dyn.web.whatsapp.com/pp?t=s&u=60162259866%40c.us&i=1471714411&ref=0%40RpWh0vR2dOAFLftj0K6JgoELYzbACT8JFBbrYg4cp8EbS3cfcbiKAklc&tok=0%40JPs960fwuwAuFQrHB2PYImFB3ZRWmD2QugvdzQXGXFG9ddEO%2Fywxzo7YPdlDgWupcIX2ucnYRTf8WQ%3D%3D","title":"+60 16-225 9866"},{"avatar":"https://dyn.web.whatsapp.com/pp?t=s&u=628111155557%40c.us&i=1471606537&ref=0%40RpWh0vR2dOAFLftj0K6JgoELYzbACT8JFBbrYg4cp8EbS3cfcbiKAklc&tok=0%40JPs960fwuwAuFQrHB2PYImFB3ZRWmD2QugvdzQXGXFG9ddEO%2Fywxzo7YPdlDgWupcIX2ucnYRTf8WQ%3D%3D","title":"+62 811-1155-557"},{"avatar":"https://dyn.web.whatsapp.com/pp?t=s&u=62811190880-1428469302%40g.us&i=1470215828&ref=0%40RpWh0vR2dOAFLftj0K6JgoELYzbACT8JFBbrYg4cp8EbS3cfcbiKAklc&tok=0%40JPs960fwuwAuFQrHB2PYImFB3ZRWmD2QugvdzQXGXFG9ddEO%2Fywxzo7YPdlDgWupcIX2ucnYRTf8WQ%3D%3D","title":"CTO.id"},{"avatar":"https://dyn.web.whatsapp.com/pp?t=s&u=62811190880%40c.us&i=1419505775&ref=0%40RpWh0vR2dOAFLftj0K6JgoELYzbACT8JFBbrYg4cp8EbS3cfcbiKAklc&tok=0%40JPs960fwuwAuFQrHB2PYImFB3ZRWmD2QugvdzQXGXFG9ddEO%2Fywxzo7YPdlDgWupcIX2ucnYRTf8WQ%3D%3D","title":"Natali"},{"avatar":"https://dyn.web.whatsapp.com/pp?t=s&u=62811363535%40c.us&i=1469998364&ref=0%40RpWh0vR2dOAFLftj0K6JgoELYzbACT8JFBbrYg4cp8EbS3cfcbiKAklc&tok=0%40JPs960fwuwAuFQrHB2PYImFB3ZRWmD2QugvdzQXGXFG9ddEO%2Fywxzo7YPdlDgWupcIX2ucnYRTf8WQ%3D%3D","title":"+62 811-363-535"},{"avatar":"https://dyn.web.whatsapp.com/pp?t=s&u=62811811286%40c.us&i=1380390262&ref=0%40RpWh0vR2dOAFLftj0K6JgoELYzbACT8JFBbrYg4cp8EbS3cfcbiKAklc&tok=0%40JPs960fwuwAuFQrHB2PYImFB3ZRWmD2QugvdzQXGXFG9ddEO%2Fywxzo7YPdlDgWupcIX2ucnYRTf8WQ%3D%3D","title":"Roy Contecna"},{"avatar":"https://dyn.web.whatsapp.com/pp?t=s&u=628118627129%40c.us&i=1473487059&ref=0%40RpWh0vR2dOAFLftj0K6JgoELYzbACT8JFBbrYg4cp8EbS3cfcbiKAklc&tok=0%40JPs960fwuwAuFQrHB2PYImFB3ZRWmD2QugvdzQXGXFG9ddEO%2Fywxzo7YPdlDgWupcIX2ucnYRTf8WQ%3D%3D","title":"+62 811-8627-129"},{"avatar":"https://dyn.web.whatsapp.com/pp?t=s&u=628119502673%40c.us&i=1465374164&ref=0%40RpWh0vR2dOAFLftj0K6JgoELYzbACT8JFBbrYg4cp8EbS3cfcbiKAklc&tok=0%40JPs960fwuwAuFQrHB2PYImFB3ZRWmD2QugvdzQXGXFG9ddEO%2Fywxzo7YPdlDgWupcIX2ucnYRTf8WQ%3D%3D","title":"+62 811-9502-673"},{"title":"Fajar Happy Fresh"},{"avatar":"https://dyn.web.whatsapp.com/pp?t=s&u=628119911038%40c.us&i=1470393066&ref=0%40RpWh0vR2dOAFLftj0K6JgoELYzbACT8JFBbrYg4cp8EbS3cfcbiKAklc&tok=0%40JPs960fwuwAuFQrHB2PYImFB3ZRWmD2QugvdzQXGXFG9ddEO%2Fywxzo7YPdlDgWupcIX2ucnYRTf8WQ%3D%3D","title":"Edy Senjaya"},{"title":"Raptor - Ismaya (CRM)"},{"avatar":"https://dyn.web.whatsapp.com/pp?t=s&u=628121071666%40c.us&i=1473302948&ref=0%40RpWh0vR2dOAFLftj0K6JgoELYzbACT8JFBbrYg4cp8EbS3cfcbiKAklc&tok=0%40JPs960fwuwAuFQrHB2PYImFB3ZRWmD2QugvdzQXGXFG9ddEO%2Fywxzo7YPdlDgWupcIX2ucnYRTf8WQ%3D%3D","title":"Anna Bca"},{"avatar":"https://dyn.web.whatsapp.com/pp?t=s&u=6281279858588%40c.us&i=1465179559&ref=0%40RpWh0vR2dOAFLftj0K6JgoELYzbACT8JFBbrYg4cp8EbS3cfcbiKAklc&tok=0%40JPs960fwuwAuFQrHB2PYImFB3ZRWmD2QugvdzQXGXFG9ddEO%2Fywxzo7YPdlDgWupcIX2ucnYRTf8WQ%3D%3D","title":"Juhanda So"},{"avatar":"https://dyn.web.whatsapp.com/pp?t=s&u=6281282998899%40c.us&i=1453280256&ref=0%40RpWh0vR2dOAFLftj0K6JgoELYzbACT8JFBbrYg4cp8EbS3cfcbiKAklc&tok=0%40JPs960fwuwAuFQrHB2PYImFB3ZRWmD2QugvdzQXGXFG9ddEO%2Fywxzo7YPdlDgWupcIX2ucnYRTf8WQ%3D%3D","title":"Wira Koinworks"},{"avatar":"https://dyn.web.whatsapp.com/pp?t=s&u=6281283576269-1469008701%40g.us&i=1469008772&ref=0%40RpWh0vR2dOAFLftj0K6JgoELYzbACT8JFBbrYg4cp8EbS3cfcbiKAklc&tok=0%40JPs960fwuwAuFQrHB2PYImFB3ZRWmD2QugvdzQXGXFG9ddEO%2Fywxzo7YPdlDgWupcIX2ucnYRTf8WQ%3D%3D","title":"Tim Klepon Livaza"},{"avatar":"https://dyn.web.whatsapp.com/pp?t=s&u=6281283576269-1469424747%40g.us&i=1469432410&ref=0%40RpWh0vR2dOAFLftj0K6JgoELYzbACT8JFBbrYg4cp8EbS3cfcbiKAklc&tok=0%40JPs960fwuwAuFQrHB2PYImFB3ZRWmD2QugvdzQXGXFG9ddEO%2Fywxzo7YPdlDgWupcIX2ucnYRTf8WQ%3D%3D","title":"Livaza Youngbloods"},{"avatar":"https://dyn.web.whatsapp.com/pp?t=s&u=6281283576269%40c.us&i=1473649774&ref=0%40RpWh0vR2dOAFLftj0K6JgoELYzbACT8JFBbrYg4cp8EbS3cfcbiKAklc&tok=0%40JPs960fwuwAuFQrHB2PYImFB3ZRWmD2QugvdzQXGXFG9ddEO%2Fywxzo7YPdlDgWupcIX2ucnYRTf8WQ%3D%3D","title":"andhika Livaza"},{"avatar":"https://dyn.web.whatsapp.com/pp?t=s&u=6281283670549%40c.us&i=1470813570&ref=0%40RpWh0vR2dOAFLftj0K6JgoELYzbACT8JFBbrYg4cp8EbS3cfcbiKAklc&tok=0%40JPs960fwuwAuFQrHB2PYImFB3ZRWmD2QugvdzQXGXFG9ddEO%2Fywxzo7YPdlDgWupcIX2ucnYRTf8WQ%3D%3D","title":"Hengki"},{"avatar":"https://dyn.web.whatsapp.com/pp?t=s&u=6281288825701%40c.us&i=1470669642&ref=0%40RpWh0vR2dOAFLftj0K6JgoELYzbACT8JFBbrYg4cp8EbS3cfcbiKAklc&tok=0%40JPs960fwuwAuFQrHB2PYImFB3ZRWmD2QugvdzQXGXFG9ddEO%2Fywxzo7YPdlDgWupcIX2ucnYRTf8WQ%3D%3D","title":"Billy"},{"avatar":"https://dyn.web.whatsapp.com/pp?t=s&u=6281296286864%40c.us&i=1474041548&ref=0%40RpWh0vR2dOAFLftj0K6JgoELYzbACT8JFBbrYg4cp8EbS3cfcbiKAklc&tok=0%40JPs960fwuwAuFQrHB2PYImFB3ZRWmD2QugvdzQXGXFG9ddEO%2Fywxzo7YPdlDgWupcIX2ucnYRTf8WQ%3D%3D","title":"Yanto"},{"avatar":"https://dyn.web.whatsapp.com/pp?t=s&u=6281296323188%40c.us&i=1473700046&ref=0%40RpWh0vR2dOAFLftj0K6JgoELYzbACT8JFBbrYg4cp8EbS3cfcbiKAklc&tok=0%40JPs960fwuwAuFQrHB2PYImFB3ZRWmD2QugvdzQXGXFG9ddEO%2Fywxzo7YPdlDgWupcIX2ucnYRTf8WQ%3D%3D","title":"Yong Livaza"},{"title":"Fabelio"},{"avatar":"https://dyn.web.whatsapp.com/pp?t=s&u=6281313136538-1438167058%40g.us&i=1472193772&ref=0%40RpWh0vR2dOAFLftj0K6JgoELYzbACT8JFBbrYg4cp8EbS3cfcbiKAklc&tok=0%40JPs960fwuwAuFQrHB2PYImFB3ZRWmD2QugvdzQXGXFG9ddEO%2Fywxzo7YPdlDgWupcIX2ucnYRTf8WQ%3D%3D","title":"LIVAZA"},{"title":"Livaza <> Ralali"},{"avatar":"https://dyn.web.whatsapp.com/pp?t=s&u=6281313136538%40c.us&i=1435068864&ref=0%40RpWh0vR2dOAFLftj0K6JgoELYzbACT8JFBbrYg4cp8EbS3cfcbiKAklc&tok=0%40JPs960fwuwAuFQrHB2PYImFB3ZRWmD2QugvdzQXGXFG9ddEO%2Fywxzo7YPdlDgWupcIX2ucnYRTf8WQ%3D%3D","title":"Eddy Livaza"},{"avatar":"https://dyn.web.whatsapp.com/pp?t=s&u=6281313887788%40c.us&i=1467683209&ref=0%40RpWh0vR2dOAFLftj0K6JgoELYzbACT8JFBbrYg4cp8EbS3cfcbiKAklc&tok=0%40JPs960fwuwAuFQrHB2PYImFB3ZRWmD2QugvdzQXGXFG9ddEO%2Fywxzo7YPdlDgWupcIX2ucnYRTf8WQ%3D%3D","title":"Muliadi Jeo"},{"avatar":"https://dyn.web.whatsapp.com/pp?t=s&u=6281316301488%40c.us&i=1474009115&ref=0%40RpWh0vR2dOAFLftj0K6JgoELYzbACT8JFBbrYg4cp8EbS3cfcbiKAklc&tok=0%40JPs960fwuwAuFQrHB2PYImFB3ZRWmD2QugvdzQXGXFG9ddEO%2Fywxzo7YPdlDgWupcIX2ucnYRTf8WQ%3D%3D","title":"+62 813-1630-1488"},{"avatar":"https://dyn.web.whatsapp.com/pp?t=s&u=6281316600178%40c.us&i=1471769913&ref=0%40RpWh0vR2dOAFLftj0K6JgoELYzbACT8JFBbrYg4cp8EbS3cfcbiKAklc&tok=0%40JPs960fwuwAuFQrHB2PYImFB3ZRWmD2QugvdzQXGXFG9ddEO%2Fywxzo7YPdlDgWupcIX2ucnYRTf8WQ%3D%3D","title":"+62 813-1660-0178"},{"avatar":"https://dyn.web.whatsapp.com/pp?t=s&u=6281320000426%40c.us&i=1471331315&ref=0%40RpWh0vR2dOAFLftj0K6JgoELYzbACT8JFBbrYg4cp8EbS3cfcbiKAklc&tok=0%40JPs960fwuwAuFQrHB2PYImFB3ZRWmD2QugvdzQXGXFG9ddEO%2Fywxzo7YPdlDgWupcIX2ucnYRTf8WQ%3D%3D","title":"Evan"},{"avatar":"https://dyn.web.whatsapp.com/pp?t=s&u=6281362080111%40c.us&i=1459411438&ref=0%40RpWh0vR2dOAFLftj0K6JgoELYzbACT8JFBbrYg4cp8EbS3cfcbiKAklc&tok=0%40JPs960fwuwAuFQrHB2PYImFB3ZRWmD2QugvdzQXGXFG9ddEO%2Fywxzo7YPdlDgWupcIX2ucnYRTf8WQ%3D%3D","title":"+62 813-6208-0111"},{"avatar":"https://dyn.web.whatsapp.com/pp?t=s&u=6281399322344%40c.us&i=1470362435&ref=0%40RpWh0vR2dOAFLftj0K6JgoELYzbACT8JFBbrYg4cp8EbS3cfcbiKAklc&tok=0%40JPs960fwuwAuFQrHB2PYImFB3ZRWmD2QugvdzQXGXFG9ddEO%2Fywxzo7YPdlDgWupcIX2ucnYRTf8WQ%3D%3D","title":"Didik Cookpad"},{"avatar":"https://dyn.web.whatsapp.com/pp?t=s&u=628170149122%40c.us&i=1461555923&ref=0%40RpWh0vR2dOAFLftj0K6JgoELYzbACT8JFBbrYg4cp8EbS3cfcbiKAklc&tok=0%40JPs960fwuwAuFQrHB2PYImFB3ZRWmD2QugvdzQXGXFG9ddEO%2Fywxzo7YPdlDgWupcIX2ucnYRTf8WQ%3D%3D","title":"Yoppie Flight Indonesia"},{"avatar":"https://dyn.web.whatsapp.com/pp?t=s&u=628170157259%40c.us&i=1465795418&ref=0%40RpWh0vR2dOAFLftj0K6JgoELYzbACT8JFBbrYg4cp8EbS3cfcbiKAklc&tok=0%40JPs960fwuwAuFQrHB2PYImFB3ZRWmD2QugvdzQXGXFG9ddEO%2Fywxzo7YPdlDgWupcIX2ucnYRTf8WQ%3D%3D","title":"+62 817-0157-259"},{"title":"Andrew Kaskus"},{"avatar":"https://dyn.web.whatsapp.com/pp?t=s&u=62817792952%40c.us&i=1464619838&ref=0%40RpWh0vR2dOAFLftj0K6JgoELYzbACT8JFBbrYg4cp8EbS3cfcbiKAklc&tok=0%40JPs960fwuwAuFQrHB2PYImFB3ZRWmD2QugvdzQXGXFG9ddEO%2Fywxzo7YPdlDgWupcIX2ucnYRTf8WQ%3D%3D","title":"Adwin Livaza"},{"avatar":"https://dyn.web.whatsapp.com/pp?t=s&u=62817820742%40c.us&i=1471145055&ref=0%40RpWh0vR2dOAFLftj0K6JgoELYzbACT8JFBbrYg4cp8EbS3cfcbiKAklc&tok=0%40JPs960fwuwAuFQrHB2PYImFB3ZRWmD2QugvdzQXGXFG9ddEO%2Fywxzo7YPdlDgWupcIX2ucnYRTf8WQ%3D%3D","title":"+62 817-820-742"},{"avatar":"https://dyn.web.whatsapp.com/pp?t=s&u=6281807332717%40c.us&i=1376654813&ref=0%40RpWh0vR2dOAFLftj0K6JgoELYzbACT8JFBbrYg4cp8EbS3cfcbiKAklc&tok=0%40JPs960fwuwAuFQrHB2PYImFB3ZRWmD2QugvdzQXGXFG9ddEO%2Fywxzo7YPdlDgWupcIX2ucnYRTf8WQ%3D%3D","title":"Dondy CK"},{"title":"WEBSITE"},{"avatar":"https://dyn.web.whatsapp.com/pp?t=s&u=6281809217825%40c.us&i=1464440184&ref=0%40RpWh0vR2dOAFLftj0K6JgoELYzbACT8JFBbrYg4cp8EbS3cfcbiKAklc&tok=0%40JPs960fwuwAuFQrHB2PYImFB3ZRWmD2QugvdzQXGXFG9ddEO%2Fywxzo7YPdlDgWupcIX2ucnYRTf8WQ%3D%3D","title":"Emil Livaza"},{"avatar":"https://dyn.web.whatsapp.com/pp?t=s&u=62818140188%40c.us&i=1410781721&ref=0%40RpWh0vR2dOAFLftj0K6JgoELYzbACT8JFBbrYg4cp8EbS3cfcbiKAklc&tok=0%40JPs960fwuwAuFQrHB2PYImFB3ZRWmD2QugvdzQXGXFG9ddEO%2Fywxzo7YPdlDgWupcIX2ucnYRTf8WQ%3D%3D","title":"Teguh Kominfo"},{"avatar":"https://dyn.web.whatsapp.com/pp?t=s&u=62818667898%40c.us&i=1450674321&ref=0%40RpWh0vR2dOAFLftj0K6JgoELYzbACT8JFBbrYg4cp8EbS3cfcbiKAklc&tok=0%40JPs960fwuwAuFQrHB2PYImFB3ZRWmD2QugvdzQXGXFG9ddEO%2Fywxzo7YPdlDgWupcIX2ucnYRTf8WQ%3D%3D","title":"Leontinus CTO Tokopedia"},{"title":"Henry Riady Lippo"},{"avatar":"https://dyn.web.whatsapp.com/pp?t=s&u=6281905509005%40c.us&i=1472364251&ref=0%40RpWh0vR2dOAFLftj0K6JgoELYzbACT8JFBbrYg4cp8EbS3cfcbiKAklc&tok=0%40JPs960fwuwAuFQrHB2PYImFB3ZRWmD2QugvdzQXGXFG9ddEO%2Fywxzo7YPdlDgWupcIX2ucnYRTf8WQ%3D%3D","title":"+62 819-0550-9005"},{"avatar":"https://dyn.web.whatsapp.com/pp?t=s&u=6281919500887%40c.us&i=1452243148&ref=0%40RpWh0vR2dOAFLftj0K6JgoELYzbACT8JFBbrYg4cp8EbS3cfcbiKAklc&tok=0%40JPs960fwuwAuFQrHB2PYImFB3ZRWmD2QugvdzQXGXFG9ddEO%2Fywxzo7YPdlDgWupcIX2ucnYRTf8WQ%3D%3D","title":"Mncshop"},{"avatar":"https://dyn.web.whatsapp.com/pp?t=s&u=628192100922%40c.us&i=1473340729&ref=0%40RpWh0vR2dOAFLftj0K6JgoELYzbACT8JFBbrYg4cp8EbS3cfcbiKAklc&tok=0%40JPs960fwuwAuFQrHB2PYImFB3ZRWmD2QugvdzQXGXFG9ddEO%2Fywxzo7YPdlDgWupcIX2ucnYRTf8WQ%3D%3D","title":"Tribe Hired"},{"title":"IT Livaza"},{"avatar":"https://dyn.web.whatsapp.com/pp?t=s&u=6281927688890%40c.us&i=1392289232&ref=0%40RpWh0vR2dOAFLftj0K6JgoELYzbACT8JFBbrYg4cp8EbS3cfcbiKAklc&tok=0%40JPs960fwuwAuFQrHB2PYImFB3ZRWmD2QugvdzQXGXFG9ddEO%2Fywxzo7YPdlDgWupcIX2ucnYRTf8WQ%3D%3D","title":"Hendro Surono Livaza"},{"avatar":"https://dyn.web.whatsapp.com/pp?t=s&u=6281932232276%40c.us&i=1473750616&ref=0%40RpWh0vR2dOAFLftj0K6JgoELYzbACT8JFBbrYg4cp8EbS3cfcbiKAklc&tok=0%40JPs960fwuwAuFQrHB2PYImFB3ZRWmD2QugvdzQXGXFG9ddEO%2Fywxzo7YPdlDgWupcIX2ucnYRTf8WQ%3D%3D","title":"Anton Livaza"},{"avatar":"https://dyn.web.whatsapp.com/pp?t=s&u=6281932533269%40c.us&i=1471870051&ref=0%40RpWh0vR2dOAFLftj0K6JgoELYzbACT8JFBbrYg4cp8EbS3cfcbiKAklc&tok=0%40JPs960fwuwAuFQrHB2PYImFB3ZRWmD2QugvdzQXGXFG9ddEO%2Fywxzo7YPdlDgWupcIX2ucnYRTf8WQ%3D%3D","title":"+62 819-3253-3269"},{"avatar":"https://dyn.web.whatsapp.com/pp?t=s&u=6281993078264%40c.us&i=1468817681&ref=0%40RpWh0vR2dOAFLftj0K6JgoELYzbACT8JFBbrYg4cp8EbS3cfcbiKAklc&tok=0%40JPs960fwuwAuFQrHB2PYImFB3ZRWmD2QugvdzQXGXFG9ddEO%2Fywxzo7YPdlDgWupcIX2ucnYRTf8WQ%3D%3D","title":"Titus"},{"avatar":"https://dyn.web.whatsapp.com/pp?t=s&u=6282112568951%40c.us&i=1472841946&ref=0%40RpWh0vR2dOAFLftj0K6JgoELYzbACT8JFBbrYg4cp8EbS3cfcbiKAklc&tok=0%40JPs960fwuwAuFQrHB2PYImFB3ZRWmD2QugvdzQXGXFG9ddEO%2Fywxzo7YPdlDgWupcIX2ucnYRTf8WQ%3D%3D","title":"CTO Jakpos"},{"title":"Onboarding ✌"},{"avatar":"https://dyn.web.whatsapp.com/pp?t=s&u=6282114557370%40c.us&i=1472321219&ref=0%40RpWh0vR2dOAFLftj0K6JgoELYzbACT8JFBbrYg4cp8EbS3cfcbiKAklc&tok=0%40JPs960fwuwAuFQrHB2PYImFB3ZRWmD2QugvdzQXGXFG9ddEO%2Fywxzo7YPdlDgWupcIX2ucnYRTf8WQ%3D%3D","title":"Hegar Livaza"},{"title":"+62 821-2928-8270"},{"avatar":"https://dyn.web.whatsapp.com/pp?t=s&u=6282133311100%40c.us&i=1471140094&ref=0%40RpWh0vR2dOAFLftj0K6JgoELYzbACT8JFBbrYg4cp8EbS3cfcbiKAklc&tok=0%40JPs960fwuwAuFQrHB2PYImFB3ZRWmD2QugvdzQXGXFG9ddEO%2Fywxzo7YPdlDgWupcIX2ucnYRTf8WQ%3D%3D","title":"Wiliam Bitcoin Cto"},{"title":"+62 821-8947-5577"},{"avatar":"https://dyn.web.whatsapp.com/pp?t=s&u=6285220106532%40c.us&i=1474041808&ref=0%40RpWh0vR2dOAFLftj0K6JgoELYzbACT8JFBbrYg4cp8EbS3cfcbiKAklc&tok=0%40JPs960fwuwAuFQrHB2PYImFB3ZRWmD2QugvdzQXGXFG9ddEO%2Fywxzo7YPdlDgWupcIX2ucnYRTf8WQ%3D%3D","title":"Naufal Livaza"},{"avatar":"https://dyn.web.whatsapp.com/pp?t=s&u=6285273839851%40c.us&i=1458840652&ref=0%40RpWh0vR2dOAFLftj0K6JgoELYzbACT8JFBbrYg4cp8EbS3cfcbiKAklc&tok=0%40JPs960fwuwAuFQrHB2PYImFB3ZRWmD2QugvdzQXGXFG9ddEO%2Fywxzo7YPdlDgWupcIX2ucnYRTf8WQ%3D%3D","title":"Sofian Pinjam.Co.Id"},{"avatar":"https://dyn.web.whatsapp.com/pp?t=s&u=628563061611%40c.us&i=1446803101&ref=0%40RpWh0vR2dOAFLftj0K6JgoELYzbACT8JFBbrYg4cp8EbS3cfcbiKAklc&tok=0%40JPs960fwuwAuFQrHB2PYImFB3ZRWmD2QugvdzQXGXFG9ddEO%2Fywxzo7YPdlDgWupcIX2ucnYRTf8WQ%3D%3D","title":"Achmad cTO citilink Royhan"},{"avatar":"https://dyn.web.whatsapp.com/pp?t=s&u=6285640791440%40c.us&i=1419252086&ref=0%40RpWh0vR2dOAFLftj0K6JgoELYzbACT8JFBbrYg4cp8EbS3cfcbiKAklc&tok=0%40JPs960fwuwAuFQrHB2PYImFB3ZRWmD2QugvdzQXGXFG9ddEO%2Fywxzo7YPdlDgWupcIX2ucnYRTf8WQ%3D%3D","title":"Cakra"},{"avatar":"https://dyn.web.whatsapp.com/pp?t=s&u=628568989080%40c.us&i=1466311553&ref=0%40RpWh0vR2dOAFLftj0K6JgoELYzbACT8JFBbrYg4cp8EbS3cfcbiKAklc&tok=0%40JPs960fwuwAuFQrHB2PYImFB3ZRWmD2QugvdzQXGXFG9ddEO%2Fywxzo7YPdlDgWupcIX2ucnYRTf8WQ%3D%3D","title":"Eddy Yansen"},{"title":"onboarding"},{"avatar":"https://dyn.web.whatsapp.com/pp?t=s&u=6285697065337%40c.us&i=1473744197&ref=0%40RpWh0vR2dOAFLftj0K6JgoELYzbACT8JFBbrYg4cp8EbS3cfcbiKAklc&tok=0%40JPs960fwuwAuFQrHB2PYImFB3ZRWmD2QugvdzQXGXFG9ddEO%2Fywxzo7YPdlDgWupcIX2ucnYRTf8WQ%3D%3D","title":"Lela"},{"avatar":"https://dyn.web.whatsapp.com/pp?t=s&u=6285714625000%40c.us&i=1472323649&ref=0%40RpWh0vR2dOAFLftj0K6JgoELYzbACT8JFBbrYg4cp8EbS3cfcbiKAklc&tok=0%40JPs960fwuwAuFQrHB2PYImFB3ZRWmD2QugvdzQXGXFG9ddEO%2Fywxzo7YPdlDgWupcIX2ucnYRTf8WQ%3D%3D","title":"Ari"},{"avatar":"https://dyn.web.whatsapp.com/pp?t=s&u=6285735324610%40c.us&i=1427806606&ref=0%40RpWh0vR2dOAFLftj0K6JgoELYzbACT8JFBbrYg4cp8EbS3cfcbiKAklc&tok=0%40JPs960fwuwAuFQrHB2PYImFB3ZRWmD2QugvdzQXGXFG9ddEO%2Fywxzo7YPdlDgWupcIX2ucnYRTf8WQ%3D%3D","title":"+62 857-3532-4610"},{"avatar":"https://dyn.web.whatsapp.com/pp?t=s&u=6285774314938%40c.us&i=1458361805&ref=0%40RpWh0vR2dOAFLftj0K6JgoELYzbACT8JFBbrYg4cp8EbS3cfcbiKAklc&tok=0%40JPs960fwuwAuFQrHB2PYImFB3ZRWmD2QugvdzQXGXFG9ddEO%2Fywxzo7YPdlDgWupcIX2ucnYRTf8WQ%3D%3D","title":"+62 857-7431-4938","unread":true},{"avatar":"https://dyn.web.whatsapp.com/pp?t=s&u=6285785429168%40c.us&i=1453972443&ref=0%40RpWh0vR2dOAFLftj0K6JgoELYzbACT8JFBbrYg4cp8EbS3cfcbiKAklc&tok=0%40JPs960fwuwAuFQrHB2PYImFB3ZRWmD2QugvdzQXGXFG9ddEO%2Fywxzo7YPdlDgWupcIX2ucnYRTf8WQ%3D%3D","title":"Dwi Livaza"},{"title":"Member.id - Raptor"},{"avatar":"https://dyn.web.whatsapp.com/pp?t=s&u=6285811523455%40c.us&i=1471809222&ref=0%40RpWh0vR2dOAFLftj0K6JgoELYzbACT8JFBbrYg4cp8EbS3cfcbiKAklc&tok=0%40JPs960fwuwAuFQrHB2PYImFB3ZRWmD2QugvdzQXGXFG9ddEO%2Fywxzo7YPdlDgWupcIX2ucnYRTf8WQ%3D%3D","title":"Ali Sadikin"},{"avatar":"https://dyn.web.whatsapp.com/pp?t=s&u=6285880520640%40c.us&i=1471180741&ref=0%40RpWh0vR2dOAFLftj0K6JgoELYzbACT8JFBbrYg4cp8EbS3cfcbiKAklc&tok=0%40JPs960fwuwAuFQrHB2PYImFB3ZRWmD2QugvdzQXGXFG9ddEO%2Fywxzo7YPdlDgWupcIX2ucnYRTf8WQ%3D%3D","title":"+62 858-8052-0640"},{"avatar":"https://dyn.web.whatsapp.com/pp?t=s&u=6287738724848%40c.us&i=1473739601&ref=0%40RpWh0vR2dOAFLftj0K6JgoELYzbACT8JFBbrYg4cp8EbS3cfcbiKAklc&tok=0%40JPs960fwuwAuFQrHB2PYImFB3ZRWmD2QugvdzQXGXFG9ddEO%2Fywxzo7YPdlDgWupcIX2ucnYRTf8WQ%3D%3D","title":"Grogol Kost Pria"},{"avatar":"https://dyn.web.whatsapp.com/pp?t=s&u=6287776656213%40c.us&i=1469406087&ref=0%40RpWh0vR2dOAFLftj0K6JgoELYzbACT8JFBbrYg4cp8EbS3cfcbiKAklc&tok=0%40JPs960fwuwAuFQrHB2PYImFB3ZRWmD2QugvdzQXGXFG9ddEO%2Fywxzo7YPdlDgWupcIX2ucnYRTf8WQ%3D%3D","title":"Bli Bli"},{"avatar":"https://dyn.web.whatsapp.com/pp?t=s&u=6287782134248%40c.us&i=1466397422&ref=0%40RpWh0vR2dOAFLftj0K6JgoELYzbACT8JFBbrYg4cp8EbS3cfcbiKAklc&tok=0%40JPs960fwuwAuFQrHB2PYImFB3ZRWmD2QugvdzQXGXFG9ddEO%2Fywxzo7YPdlDgWupcIX2ucnYRTf8WQ%3D%3D","title":"+62 877-8213-4248"},{"avatar":"https://dyn.web.whatsapp.com/pp?t=s&u=6287823271277%40c.us&i=1472293975&ref=0%40RpWh0vR2dOAFLftj0K6JgoELYzbACT8JFBbrYg4cp8EbS3cfcbiKAklc&tok=0%40JPs960fwuwAuFQrHB2PYImFB3ZRWmD2QugvdzQXGXFG9ddEO%2Fywxzo7YPdlDgWupcIX2ucnYRTf8WQ%3D%3D","title":"Timmy Sociabuzz"},{"avatar":"https://dyn.web.whatsapp.com/pp?t=s&u=6287880002266%40c.us&i=1424940236&ref=0%40RpWh0vR2dOAFLftj0K6JgoELYzbACT8JFBbrYg4cp8EbS3cfcbiKAklc&tok=0%40JPs960fwuwAuFQrHB2PYImFB3ZRWmD2QugvdzQXGXFG9ddEO%2Fywxzo7YPdlDgWupcIX2ucnYRTf8WQ%3D%3D","title":"Stella Livaza"},{"avatar":"https://dyn.web.whatsapp.com/pp?t=s&u=6287888505350%40c.us&i=1470722068&ref=0%40RpWh0vR2dOAFLftj0K6JgoELYzbACT8JFBbrYg4cp8EbS3cfcbiKAklc&tok=0%40JPs960fwuwAuFQrHB2PYImFB3ZRWmD2QugvdzQXGXFG9ddEO%2Fywxzo7YPdlDgWupcIX2ucnYRTf8WQ%3D%3D","title":"Arip Parkir"},{"avatar":"https://dyn.web.whatsapp.com/pp?t=s&u=6288217219837%40c.us&i=1472251887&ref=0%40RpWh0vR2dOAFLftj0K6JgoELYzbACT8JFBbrYg4cp8EbS3cfcbiKAklc&tok=0%40JPs960fwuwAuFQrHB2PYImFB3ZRWmD2QugvdzQXGXFG9ddEO%2Fywxzo7YPdlDgWupcIX2ucnYRTf8WQ%3D%3D","title":"Istriku"},{"avatar":"https://dyn.web.whatsapp.com/pp?t=s&u=6288217219857-1468567587%40g.us&i=1468568148&ref=0%40RpWh0vR2dOAFLftj0K6JgoELYzbACT8JFBbrYg4cp8EbS3cfcbiKAklc&tok=0%40JPs960fwuwAuFQrHB2PYImFB3ZRWmD2QugvdzQXGXFG9ddEO%2Fywxzo7YPdlDgWupcIX2ucnYRTf8WQ%3D%3D","title":"Livaza New Layout"},{"avatar":"https://dyn.web.whatsapp.com/pp?t=s&u=6288217219857-1468945954%40g.us&i=1470671657&ref=0%40RpWh0vR2dOAFLftj0K6JgoELYzbACT8JFBbrYg4cp8EbS3cfcbiKAklc&tok=0%40JPs960fwuwAuFQrHB2PYImFB3ZRWmD2QugvdzQXGXFG9ddEO%2Fywxzo7YPdlDgWupcIX2ucnYRTf8WQ%3D%3D","title":"Product Team-Livaza"},{"title":"Livaza onboarding"},{"title":"Livaza Vinculum"},{"avatar":"https://dyn.web.whatsapp.com/pp?t=s&u=6289615865475%40c.us&i=1473590918&ref=0%40RpWh0vR2dOAFLftj0K6JgoELYzbACT8JFBbrYg4cp8EbS3cfcbiKAklc&tok=0%40JPs960fwuwAuFQrHB2PYImFB3ZRWmD2QugvdzQXGXFG9ddEO%2Fywxzo7YPdlDgWupcIX2ucnYRTf8WQ%3D%3D","title":"Haben"},{"avatar":"https://dyn.web.whatsapp.com/pp?t=s&u=6289636845137%40c.us&i=1468293483&ref=0%40RpWh0vR2dOAFLftj0K6JgoELYzbACT8JFBbrYg4cp8EbS3cfcbiKAklc&tok=0%40JPs960fwuwAuFQrHB2PYImFB3ZRWmD2QugvdzQXGXFG9ddEO%2Fywxzo7YPdlDgWupcIX2ucnYRTf8WQ%3D%3D","title":"Ade"},{"avatar":"https://dyn.web.whatsapp.com/pp?t=s&u=6289651407657%40c.us&i=1466812123&ref=0%40RpWh0vR2dOAFLftj0K6JgoELYzbACT8JFBbrYg4cp8EbS3cfcbiKAklc&tok=0%40JPs960fwuwAuFQrHB2PYImFB3ZRWmD2QugvdzQXGXFG9ddEO%2Fywxzo7YPdlDgWupcIX2ucnYRTf8WQ%3D%3D","title":"Tri"},{"avatar":"https://dyn.web.whatsapp.com/pp?t=s&u=628979966869%40c.us&i=1472627053&ref=0%40RpWh0vR2dOAFLftj0K6JgoELYzbACT8JFBbrYg4cp8EbS3cfcbiKAklc&tok=0%40JPs960fwuwAuFQrHB2PYImFB3ZRWmD2QugvdzQXGXFG9ddEO%2Fywxzo7YPdlDgWupcIX2ucnYRTf8WQ%3D%3D","title":"Zen"},{"avatar":"https://dyn.web.whatsapp.com/pp?t=s&u=6584094086%40c.us&i=1365522797&ref=0%40RpWh0vR2dOAFLftj0K6JgoELYzbACT8JFBbrYg4cp8EbS3cfcbiKAklc&tok=0%40JPs960fwuwAuFQrHB2PYImFB3ZRWmD2QugvdzQXGXFG9ddEO%2Fywxzo7YPdlDgWupcIX2ucnYRTf8WQ%3D%3D","title":"Julian E"}]
[{"title":"Unicroach SEA CTOs ftg dr"},{"avatar":"https://dyn.web.whatsapp.com/pp?t=s&u=4917632636654%40c.us&i=1448652967&ref=0%40RpWh0vR2dOAFLftj0K6JgoELYzbACT8JFBbrYg4cp8EbS3cfcbiKAklc&tok=0%40JPs960fwuwAuFQrHB2PYImFB3ZRWmD2QugvdzQXGXFG9ddEO%2Fywxzo7YPdlDgWupcIX2ucnYRTf8WQ%3D%3D","title":"Ahmad Rizqi Meydiarso Yesbos"},{"title":"+60 12-567 1806"},{"avatar":"https://dyn.web.whatsapp.com/pp?t=s&u=60162259866%40c.us&i=1471714411&ref=0%40RpWh0vR2dOAFLftj0K6JgoELYzbACT8JFBbrYg4cp8EbS3cfcbiKAklc&tok=0%40JPs960fwuwAuFQrHB2PYImFB3ZRWmD2QugvdzQXGXFG9ddEO%2Fywxzo7YPdlDgWupcIX2ucnYRTf8WQ%3D%3D","title":"+60 16-225 9866"},{"avatar":"https://dyn.web.whatsapp.com/pp?t=s&u=628111155557%40c.us&i=1471606537&ref=0%40RpWh0vR2dOAFLftj0K6JgoELYzbACT8JFBbrYg4cp8EbS3cfcbiKAklc&tok=0%40JPs960fwuwAuFQrHB2PYImFB3ZRWmD2QugvdzQXGXFG9ddEO%2Fywxzo7YPdlDgWupcIX2ucnYRTf8WQ%3D%3D","title":"+62 811-1155-557"},{"avatar":"https://dyn.web.whatsapp.com/pp?t=s&u=62811190880-1428469302%40g.us&i=1470215828&ref=0%40RpWh0vR2dOAFLftj0K6JgoELYzbACT8JFBbrYg4cp8EbS3cfcbiKAklc&tok=0%40JPs960fwuwAuFQrHB2PYImFB3ZRWmD2QugvdzQXGXFG9ddEO%2Fywxzo7YPdlDgWupcIX2ucnYRTf8WQ%3D%3D","title":"CTO.id"},{"avatar":"https://dyn.web.whatsapp.com/pp?t=s&u=62811190880%40c.us&i=1419505775&ref=0%40RpWh0vR2dOAFLftj0K6JgoELYzbACT8JFBbrYg4cp8EbS3cfcbiKAklc&tok=0%40JPs960fwuwAuFQrHB2PYImFB3ZRWmD2QugvdzQXGXFG9ddEO%2Fywxzo7YPdlDgWupcIX2ucnYRTf8WQ%3D%3D","title":"Natali"},{"avatar":"https://dyn.web.whatsapp.com/pp?t=s&u=62811363535%40c.us&i=1469998364&ref=0%40RpWh0vR2dOAFLftj0K6JgoELYzbACT8JFBbrYg4cp8EbS3cfcbiKAklc&tok=0%40JPs960fwuwAuFQrHB2PYImFB3ZRWmD2QugvdzQXGXFG9ddEO%2Fywxzo7YPdlDgWupcIX2ucnYRTf8WQ%3D%3D","title":"+62 811-363-535"},{"avatar":"https://dyn.web.whatsapp.com/pp?t=s&u=62811811286%40c.us&i=1380390262&ref=0%40RpWh0vR2dOAFLftj0K6JgoELYzbACT8JFBbrYg4cp8EbS3cfcbiKAklc&tok=0%40JPs960fwuwAuFQrHB2PYImFB3ZRWmD2QugvdzQXGXFG9ddEO%2Fywxzo7YPdlDgWupcIX2ucnYRTf8WQ%3D%3D","title":"Roy Contecna"},{"avatar":"https://dyn.web.whatsapp.com/pp?t=s&u=628118627129%40c.us&i=1473487059&ref=0%40RpWh0vR2dOAFLftj0K6JgoELYzbACT8JFBbrYg4cp8EbS3cfcbiKAklc&tok=0%40JPs960fwuwAuFQrHB2PYImFB3ZRWmD2QugvdzQXGXFG9ddEO%2Fywxzo7YPdlDgWupcIX2ucnYRTf8WQ%3D%3D","title":"+62 811-8627-129"},{"avatar":"https://dyn.web.whatsapp.com/pp?t=s&u=628119502673%40c.us&i=1465374164&ref=0%40RpWh0vR2dOAFLftj0K6JgoELYzbACT8JFBbrYg4cp8EbS3cfcbiKAklc&tok=0%40JPs960fwuwAuFQrHB2PYImFB3ZRWmD2QugvdzQXGXFG9ddEO%2Fywxzo7YPdlDgWupcIX2ucnYRTf8WQ%3D%3D","title":"+62 811-9502-673"},{"title":"Fajar Happy Fresh"},{"avatar":"https://dyn.web.whatsapp.com/pp?t=s&u=628119911038%40c.us&i=1470393066&ref=0%40RpWh0vR2dOAFLftj0K6JgoELYzbACT8JFBbrYg4cp8EbS3cfcbiKAklc&tok=0%40JPs960fwuwAuFQrHB2PYImFB3ZRWmD2QugvdzQXGXFG9ddEO%2Fywxzo7YPdlDgWupcIX2ucnYRTf8WQ%3D%3D","title":"Edy Senjaya"},{"title":"Raptor - Ismaya (CRM)"},{"avatar":"https://dyn.web.whatsapp.com/pp?t=s&u=628121071666%40c.us&i=1473302948&ref=0%40RpWh0vR2dOAFLftj0K6JgoELYzbACT8JFBbrYg4cp8EbS3cfcbiKAklc&tok=0%40JPs960fwuwAuFQrHB2PYImFB3ZRWmD2QugvdzQXGXFG9ddEO%2Fywxzo7YPdlDgWupcIX2ucnYRTf8WQ%3D%3D","title":"Anna Bca"},{"avatar":"https://dyn.web.whatsapp.com/pp?t=s&u=6281279858588%40c.us&i=1465179559&ref=0%40RpWh0vR2dOAFLftj0K6JgoELYzbACT8JFBbrYg4cp8EbS3cfcbiKAklc&tok=0%40JPs960fwuwAuFQrHB2PYImFB3ZRWmD2QugvdzQXGXFG9ddEO%2Fywxzo7YPdlDgWupcIX2ucnYRTf8WQ%3D%3D","title":"Juhanda So"},{"avatar":"https://dyn.web.whatsapp.com/pp?t=s&u=6281282998899%40c.us&i=1453280256&ref=0%40RpWh0vR2dOAFLftj0K6JgoELYzbACT8JFBbrYg4cp8EbS3cfcbiKAklc&tok=0%40JPs960fwuwAuFQrHB2PYImFB3ZRWmD2QugvdzQXGXFG9ddEO%2Fywxzo7YPdlDgWupcIX2ucnYRTf8WQ%3D%3D","title":"Wira Koinworks"},{"avatar":"https://dyn.web.whatsapp.com/pp?t=s&u=6281283576269-1469008701%40g.us&i=1469008772&ref=0%40RpWh0vR2dOAFLftj0K6JgoELYzbACT8JFBbrYg4cp8EbS3cfcbiKAklc&tok=0%40JPs960fwuwAuFQrHB2PYImFB3ZRWmD2QugvdzQXGXFG9ddEO%2Fywxzo7YPdlDgWupcIX2ucnYRTf8WQ%3D%3D","title":"Tim Klepon Livaza"},{"avatar":"https://dyn.web.whatsapp.com/pp?t=s&u=6281283576269-1469424747%40g.us&i=1469432410&ref=0%40RpWh0vR2dOAFLftj0K6JgoELYzbACT8JFBbrYg4cp8EbS3cfcbiKAklc&tok=0%40JPs960fwuwAuFQrHB2PYImFB3ZRWmD2QugvdzQXGXFG9ddEO%2Fywxzo7YPdlDgWupcIX2ucnYRTf8WQ%3D%3D","title":"Livaza Youngbloods"},{"avatar":"https://dyn.web.whatsapp.com/pp?t=s&u=6281283576269%40c.us&i=1473649774&ref=0%40RpWh0vR2dOAFLftj0K6JgoELYzbACT8JFBbrYg4cp8EbS3cfcbiKAklc&tok=0%40JPs960fwuwAuFQrHB2PYImFB3ZRWmD2QugvdzQXGXFG9ddEO%2Fywxzo7YPdlDgWupcIX2ucnYRTf8WQ%3D%3D","title":"andhika Livaza"},{"avatar":"https://dyn.web.whatsapp.com/pp?t=s&u=6281283670549%40c.us&i=1470813570&ref=0%40RpWh0vR2dOAFLftj0K6JgoELYzbACT8JFBbrYg4cp8EbS3cfcbiKAklc&tok=0%40JPs960fwuwAuFQrHB2PYImFB3ZRWmD2QugvdzQXGXFG9ddEO%2Fywxzo7YPdlDgWupcIX2ucnYRTf8WQ%3D%3D","title":"Hengki"},{"avatar":"https://dyn.web.whatsapp.com/pp?t=s&u=6281288825701%40c.us&i=1470669642&ref=0%40RpWh0vR2dOAFLftj0K6JgoELYzbACT8JFBbrYg4cp8EbS3cfcbiKAklc&tok=0%40JPs960fwuwAuFQrHB2PYImFB3ZRWmD2QugvdzQXGXFG9ddEO%2Fywxzo7YPdlDgWupcIX2ucnYRTf8WQ%3D%3D","title":"Billy"},{"avatar":"https://dyn.web.whatsapp.com/pp?t=s&u=6281296286864%40c.us&i=1474041548&ref=0%40RpWh0vR2dOAFLftj0K6JgoELYzbACT8JFBbrYg4cp8EbS3cfcbiKAklc&tok=0%40JPs960fwuwAuFQrHB2PYImFB3ZRWmD2QugvdzQXGXFG9ddEO%2Fywxzo7YPdlDgWupcIX2ucnYRTf8WQ%3D%3D","title":"Yanto"},{"avatar":"https://dyn.web.whatsapp.com/pp?t=s&u=6281296323188%40c.us&i=1473700046&ref=0%40RpWh0vR2dOAFLftj0K6JgoELYzbACT8JFBbrYg4cp8EbS3cfcbiKAklc&tok=0%40JPs960fwuwAuFQrHB2PYImFB3ZRWmD2QugvdzQXGXFG9ddEO%2Fywxzo7YPdlDgWupcIX2ucnYRTf8WQ%3D%3D","title":"Yong Livaza"},{"title":"Fabelio"},{"avatar":"https://dyn.web.whatsapp.com/pp?t=s&u=6281313136538-1438167058%40g.us&i=1472193772&ref=0%40RpWh0vR2dOAFLftj0K6JgoELYzbACT8JFBbrYg4cp8EbS3cfcbiKAklc&tok=0%40JPs960fwuwAuFQrHB2PYImFB3ZRWmD2QugvdzQXGXFG9ddEO%2Fywxzo7YPdlDgWupcIX2ucnYRTf8WQ%3D%3D","title":"LIVAZA"},{"title":"Livaza <> Ralali"},{"avatar":"https://dyn.web.whatsapp.com/pp?t=s&u=6281313136538%40c.us&i=1435068864&ref=0%40RpWh0vR2dOAFLftj0K6JgoELYzbACT8JFBbrYg4cp8EbS3cfcbiKAklc&tok=0%40JPs960fwuwAuFQrHB2PYImFB3ZRWmD2QugvdzQXGXFG9ddEO%2Fywxzo7YPdlDgWupcIX2ucnYRTf8WQ%3D%3D","title":"Eddy Livaza"},{"avatar":"https://dyn.web.whatsapp.com/pp?t=s&u=6281313887788%40c.us&i=1467683209&ref=0%40RpWh0vR2dOAFLftj0K6JgoELYzbACT8JFBbrYg4cp8EbS3cfcbiKAklc&tok=0%40JPs960fwuwAuFQrHB2PYImFB3ZRWmD2QugvdzQXGXFG9ddEO%2Fywxzo7YPdlDgWupcIX2ucnYRTf8WQ%3D%3D","title":"Muliadi Jeo"},{"avatar":"https://dyn.web.whatsapp.com/pp?t=s&u=6281316301488%40c.us&i=1474009115&ref=0%40RpWh0vR2dOAFLftj0K6JgoELYzbACT8JFBbrYg4cp8EbS3cfcbiKAklc&tok=0%40JPs960fwuwAuFQrHB2PYImFB3ZRWmD2QugvdzQXGXFG9ddEO%2Fywxzo7YPdlDgWupcIX2ucnYRTf8WQ%3D%3D","title":"+62 813-1630-1488"},{"avatar":"https://dyn.web.whatsapp.com/pp?t=s&u=6281316600178%40c.us&i=1471769913&ref=0%40RpWh0vR2dOAFLftj0K6JgoELYzbACT8JFBbrYg4cp8EbS3cfcbiKAklc&tok=0%40JPs960fwuwAuFQrHB2PYImFB3ZRWmD2QugvdzQXGXFG9ddEO%2Fywxzo7YPdlDgWupcIX2ucnYRTf8WQ%3D%3D","title":"+62 813-1660-0178"},{"avatar":"https://dyn.web.whatsapp.com/pp?t=s&u=6281320000426%40c.us&i=1471331315&ref=0%40RpWh0vR2dOAFLftj0K6JgoELYzbACT8JFBbrYg4cp8EbS3cfcbiKAklc&tok=0%40JPs960fwuwAuFQrHB2PYImFB3ZRWmD2QugvdzQXGXFG9ddEO%2Fywxzo7YPdlDgWupcIX2ucnYRTf8WQ%3D%3D","title":"Evan"},{"avatar":"https://dyn.web.whatsapp.com/pp?t=s&u=6281362080111%40c.us&i=1459411438&ref=0%40RpWh0vR2dOAFLftj0K6JgoELYzbACT8JFBbrYg4cp8EbS3cfcbiKAklc&tok=0%40JPs960fwuwAuFQrHB2PYImFB3ZRWmD2QugvdzQXGXFG9ddEO%2Fywxzo7YPdlDgWupcIX2ucnYRTf8WQ%3D%3D","title":"+62 813-6208-0111"},{"avatar":"https://dyn.web.whatsapp.com/pp?t=s&u=6281399322344%40c.us&i=1470362435&ref=0%40RpWh0vR2dOAFLftj0K6JgoELYzbACT8JFBbrYg4cp8EbS3cfcbiKAklc&tok=0%40JPs960fwuwAuFQrHB2PYImFB3ZRWmD2QugvdzQXGXFG9ddEO%2Fywxzo7YPdlDgWupcIX2ucnYRTf8WQ%3D%3D","title":"Didik Cookpad"},{"avatar":"https://dyn.web.whatsapp.com/pp?t=s&u=628170149122%40c.us&i=1461555923&ref=0%40RpWh0vR2dOAFLftj0K6JgoELYzbACT8JFBbrYg4cp8EbS3cfcbiKAklc&tok=0%40JPs960fwuwAuFQrHB2PYImFB3ZRWmD2QugvdzQXGXFG9ddEO%2Fywxzo7YPdlDgWupcIX2ucnYRTf8WQ%3D%3D","title":"Yoppie Flight Indonesia"},{"avatar":"https://dyn.web.whatsapp.com/pp?t=s&u=628170157259%40c.us&i=1465795418&ref=0%40RpWh0vR2dOAFLftj0K6JgoELYzbACT8JFBbrYg4cp8EbS3cfcbiKAklc&tok=0%40JPs960fwuwAuFQrHB2PYImFB3ZRWmD2QugvdzQXGXFG9ddEO%2Fywxzo7YPdlDgWupcIX2ucnYRTf8WQ%3D%3D","title":"+62 817-0157-259"},{"title":"Andrew Kaskus"},{"avatar":"https://dyn.web.whatsapp.com/pp?t=s&u=62817792952%40c.us&i=1464619838&ref=0%40RpWh0vR2dOAFLftj0K6JgoELYzbACT8JFBbrYg4cp8EbS3cfcbiKAklc&tok=0%40JPs960fwuwAuFQrHB2PYImFB3ZRWmD2QugvdzQXGXFG9ddEO%2Fywxzo7YPdlDgWupcIX2ucnYRTf8WQ%3D%3D","title":"Adwin Livaza"},{"avatar":"https://dyn.web.whatsapp.com/pp?t=s&u=62817820742%40c.us&i=1471145055&ref=0%40RpWh0vR2dOAFLftj0K6JgoELYzbACT8JFBbrYg4cp8EbS3cfcbiKAklc&tok=0%40JPs960fwuwAuFQrHB2PYImFB3ZRWmD2QugvdzQXGXFG9ddEO%2Fywxzo7YPdlDgWupcIX2ucnYRTf8WQ%3D%3D","title":"+62 817-820-742"},{"avatar":"https://dyn.web.whatsapp.com/pp?t=s&u=6281807332717%40c.us&i=1376654813&ref=0%40RpWh0vR2dOAFLftj0K6JgoELYzbACT8JFBbrYg4cp8EbS3cfcbiKAklc&tok=0%40JPs960fwuwAuFQrHB2PYImFB3ZRWmD2QugvdzQXGXFG9ddEO%2Fywxzo7YPdlDgWupcIX2ucnYRTf8WQ%3D%3D","title":"Dondy CK"},{"title":"WEBSITE"},{"avatar":"https://dyn.web.whatsapp.com/pp?t=s&u=6281809217825%40c.us&i=1464440184&ref=0%40RpWh0vR2dOAFLftj0K6JgoELYzbACT8JFBbrYg4cp8EbS3cfcbiKAklc&tok=0%40JPs960fwuwAuFQrHB2PYImFB3ZRWmD2QugvdzQXGXFG9ddEO%2Fywxzo7YPdlDgWupcIX2ucnYRTf8WQ%3D%3D","title":"Emil Livaza"},{"avatar":"https://dyn.web.whatsapp.com/pp?t=s&u=62818140188%40c.us&i=1410781721&ref=0%40RpWh0vR2dOAFLftj0K6JgoELYzbACT8JFBbrYg4cp8EbS3cfcbiKAklc&tok=0%40JPs960fwuwAuFQrHB2PYImFB3ZRWmD2QugvdzQXGXFG9ddEO%2Fywxzo7YPdlDgWupcIX2ucnYRTf8WQ%3D%3D","title":"Teguh Kominfo"},{"avatar":"https://dyn.web.whatsapp.com/pp?t=s&u=62818667898%40c.us&i=1450674321&ref=0%40RpWh0vR2dOAFLftj0K6JgoELYzbACT8JFBbrYg4cp8EbS3cfcbiKAklc&tok=0%40JPs960fwuwAuFQrHB2PYImFB3ZRWmD2QugvdzQXGXFG9ddEO%2Fywxzo7YPdlDgWupcIX2ucnYRTf8WQ%3D%3D","title":"Leontinus CTO Tokopedia"},{"title":"Henry Riady Lippo"},{"avatar":"https://dyn.web.whatsapp.com/pp?t=s&u=6281905509005%40c.us&i=1472364251&ref=0%40RpWh0vR2dOAFLftj0K6JgoELYzbACT8JFBbrYg4cp8EbS3cfcbiKAklc&tok=0%40JPs960fwuwAuFQrHB2PYImFB3ZRWmD2QugvdzQXGXFG9ddEO%2Fywxzo7YPdlDgWupcIX2ucnYRTf8WQ%3D%3D","title":"+62 819-0550-9005"},{"avatar":"https://dyn.web.whatsapp.com/pp?t=s&u=6281919500887%40c.us&i=1452243148&ref=0%40RpWh0vR2dOAFLftj0K6JgoELYzbACT8JFBbrYg4cp8EbS3cfcbiKAklc&tok=0%40JPs960fwuwAuFQrHB2PYImFB3ZRWmD2QugvdzQXGXFG9ddEO%2Fywxzo7YPdlDgWupcIX2ucnYRTf8WQ%3D%3D","title":"Mncshop"},{"avatar":"https://dyn.web.whatsapp.com/pp?t=s&u=628192100922%40c.us&i=1473340729&ref=0%40RpWh0vR2dOAFLftj0K6JgoELYzbACT8JFBbrYg4cp8EbS3cfcbiKAklc&tok=0%40JPs960fwuwAuFQrHB2PYImFB3ZRWmD2QugvdzQXGXFG9ddEO%2Fywxzo7YPdlDgWupcIX2ucnYRTf8WQ%3D%3D","title":"Tribe Hired"},{"title":"IT Livaza"},{"avatar":"https://dyn.web.whatsapp.com/pp?t=s&u=6281927688890%40c.us&i=1392289232&ref=0%40RpWh0vR2dOAFLftj0K6JgoELYzbACT8JFBbrYg4cp8EbS3cfcbiKAklc&tok=0%40JPs960fwuwAuFQrHB2PYImFB3ZRWmD2QugvdzQXGXFG9ddEO%2Fywxzo7YPdlDgWupcIX2ucnYRTf8WQ%3D%3D","title":"Hendro Surono Livaza"},{"avatar":"https://dyn.web.whatsapp.com/pp?t=s&u=6281932232276%40c.us&i=1473750616&ref=0%40RpWh0vR2dOAFLftj0K6JgoELYzbACT8JFBbrYg4cp8EbS3cfcbiKAklc&tok=0%40JPs960fwuwAuFQrHB2PYImFB3ZRWmD2QugvdzQXGXFG9ddEO%2Fywxzo7YPdlDgWupcIX2ucnYRTf8WQ%3D%3D","title":"Anton Livaza"},{"avatar":"https://dyn.web.whatsapp.com/pp?t=s&u=6281932533269%40c.us&i=1471870051&ref=0%40RpWh0vR2dOAFLftj0K6JgoELYzbACT8JFBbrYg4cp8EbS3cfcbiKAklc&tok=0%40JPs960fwuwAuFQrHB2PYImFB3ZRWmD2QugvdzQXGXFG9ddEO%2Fywxzo7YPdlDgWupcIX2ucnYRTf8WQ%3D%3D","title":"+62 819-3253-3269"},{"avatar":"https://dyn.web.whatsapp.com/pp?t=s&u=6281993078264%40c.us&i=1468817681&ref=0%40RpWh0vR2dOAFLftj0K6JgoELYzbACT8JFBbrYg4cp8EbS3cfcbiKAklc&tok=0%40JPs960fwuwAuFQrHB2PYImFB3ZRWmD2QugvdzQXGXFG9ddEO%2Fywxzo7YPdlDgWupcIX2ucnYRTf8WQ%3D%3D","title":"Titus"},{"avatar":"https://dyn.web.whatsapp.com/pp?t=s&u=6282112568951%40c.us&i=1472841946&ref=0%40RpWh0vR2dOAFLftj0K6JgoELYzbACT8JFBbrYg4cp8EbS3cfcbiKAklc&tok=0%40JPs960fwuwAuFQrHB2PYImFB3ZRWmD2QugvdzQXGXFG9ddEO%2Fywxzo7YPdlDgWupcIX2ucnYRTf8WQ%3D%3D","title":"CTO Jakpos"},{"title":"Onboarding ✌"},{"avatar":"https://dyn.web.whatsapp.com/pp?t=s&u=6282114557370%40c.us&i=1472321219&ref=0%40RpWh0vR2dOAFLftj0K6JgoELYzbACT8JFBbrYg4cp8EbS3cfcbiKAklc&tok=0%40JPs960fwuwAuFQrHB2PYImFB3ZRWmD2QugvdzQXGXFG9ddEO%2Fywxzo7YPdlDgWupcIX2ucnYRTf8WQ%3D%3D","title":"Hegar Livaza"},{"title":"+62 821-2928-8270"},{"avatar":"https://dyn.web.whatsapp.com/pp?t=s&u=6282133311100%40c.us&i=1471140094&ref=0%40RpWh0vR2dOAFLftj0K6JgoELYzbACT8JFBbrYg4cp8EbS3cfcbiKAklc&tok=0%40JPs960fwuwAuFQrHB2PYImFB3ZRWmD2QugvdzQXGXFG9ddEO%2Fywxzo7YPdlDgWupcIX2ucnYRTf8WQ%3D%3D","title":"Wiliam Bitcoin Cto"},{"title":"+62 821-8947-5577"},{"avatar":"https://dyn.web.whatsapp.com/pp?t=s&u=6285220106532%40c.us&i=1474041808&ref=0%40RpWh0vR2dOAFLftj0K6JgoELYzbACT8JFBbrYg4cp8EbS3cfcbiKAklc&tok=0%40JPs960fwuwAuFQrHB2PYImFB3ZRWmD2QugvdzQXGXFG9ddEO%2Fywxzo7YPdlDgWupcIX2ucnYRTf8WQ%3D%3D","title":"Naufal Livaza"},{"avatar":"https://dyn.web.whatsapp.com/pp?t=s&u=6285273839851%40c.us&i=1458840652&ref=0%40RpWh0vR2dOAFLftj0K6JgoELYzbACT8JFBbrYg4cp8EbS3cfcbiKAklc&tok=0%40JPs960fwuwAuFQrHB2PYImFB3ZRWmD2QugvdzQXGXFG9ddEO%2Fywxzo7YPdlDgWupcIX2ucnYRTf8WQ%3D%3D","title":"Sofian Pinjam.Co.Id"},{"avatar":"https://dyn.web.whatsapp.com/pp?t=s&u=628563061611%40c.us&i=1446803101&ref=0%40RpWh0vR2dOAFLftj0K6JgoELYzbACT8JFBbrYg4cp8EbS3cfcbiKAklc&tok=0%40JPs960fwuwAuFQrHB2PYImFB3ZRWmD2QugvdzQXGXFG9ddEO%2Fywxzo7YPdlDgWupcIX2ucnYRTf8WQ%3D%3D","title":"Achmad cTO citilink Royhan"},{"avatar":"https://dyn.web.whatsapp.com/pp?t=s&u=6285640791440%40c.us&i=1419252086&ref=0%40RpWh0vR2dOAFLftj0K6JgoELYzbACT8JFBbrYg4cp8EbS3cfcbiKAklc&tok=0%40JPs960fwuwAuFQrHB2PYImFB3ZRWmD2QugvdzQXGXFG9ddEO%2Fywxzo7YPdlDgWupcIX2ucnYRTf8WQ%3D%3D","title":"Cakra"},{"avatar":"https://dyn.web.whatsapp.com/pp?t=s&u=628568989080%40c.us&i=1466311553&ref=0%40RpWh0vR2dOAFLftj0K6JgoELYzbACT8JFBbrYg4cp8EbS3cfcbiKAklc&tok=0%40JPs960fwuwAuFQrHB2PYImFB3ZRWmD2QugvdzQXGXFG9ddEO%2Fywxzo7YPdlDgWupcIX2ucnYRTf8WQ%3D%3D","title":"Eddy Yansen"},{"title":"onboarding"},{"avatar":"https://dyn.web.whatsapp.com/pp?t=s&u=6285697065337%40c.us&i=1473744197&ref=0%40RpWh0vR2dOAFLftj0K6JgoELYzbACT8JFBbrYg4cp8EbS3cfcbiKAklc&tok=0%40JPs960fwuwAuFQrHB2PYImFB3ZRWmD2QugvdzQXGXFG9ddEO%2Fywxzo7YPdlDgWupcIX2ucnYRTf8WQ%3D%3D","title":"Lela"},{"avatar":"https://dyn.web.whatsapp.com/pp?t=s&u=6285714625000%40c.us&i=1472323649&ref=0%40RpWh0vR2dOAFLftj0K6JgoELYzbACT8JFBbrYg4cp8EbS3cfcbiKAklc&tok=0%40JPs960fwuwAuFQrHB2PYImFB3ZRWmD2QugvdzQXGXFG9ddEO%2Fywxzo7YPdlDgWupcIX2ucnYRTf8WQ%3D%3D","title":"Ari"},{"avatar":"https://dyn.web.whatsapp.com/pp?t=s&u=6285735324610%40c.us&i=1427806606&ref=0%40RpWh0vR2dOAFLftj0K6JgoELYzbACT8JFBbrYg4cp8EbS3cfcbiKAklc&tok=0%40JPs960fwuwAuFQrHB2PYImFB3ZRWmD2QugvdzQXGXFG9ddEO%2Fywxzo7YPdlDgWupcIX2ucnYRTf8WQ%3D%3D","title":"+62 857-3532-4610"},{"avatar":"https://dyn.web.whatsapp.com/pp?t=s&u=6285774314938%40c.us&i=1458361805&ref=0%40RpWh0vR2dOAFLftj0K6JgoELYzbACT8JFBbrYg4cp8EbS3cfcbiKAklc&tok=0%40JPs960fwuwAuFQrHB2PYImFB3ZRWmD2QugvdzQXGXFG9ddEO%2Fywxzo7YPdlDgWupcIX2ucnYRTf8WQ%3D%3D","title":"+62 857-7431-4938","unread":true},{"avatar":"https://dyn.web.whatsapp.com/pp?t=s&u=6285785429168%40c.us&i=1453972443&ref=0%40RpWh0vR2dOAFLftj0K6JgoELYzbACT8JFBbrYg4cp8EbS3cfcbiKAklc&tok=0%40JPs960fwuwAuFQrHB2PYImFB3ZRWmD2QugvdzQXGXFG9ddEO%2Fywxzo7YPdlDgWupcIX2ucnYRTf8WQ%3D%3D","title":"Dwi Livaza"},{"title":"Member.id - Raptor"},{"avatar":"https://dyn.web.whatsapp.com/pp?t=s&u=6285811523455%40c.us&i=1471809222&ref=0%40RpWh0vR2dOAFLftj0K6JgoELYzbACT8JFBbrYg4cp8EbS3cfcbiKAklc&tok=0%40JPs960fwuwAuFQrHB2PYImFB3ZRWmD2QugvdzQXGXFG9ddEO%2Fywxzo7YPdlDgWupcIX2ucnYRTf8WQ%3D%3D","title":"Ali Sadikin"},{"avatar":"https://dyn.web.whatsapp.com/pp?t=s&u=6285880520640%40c.us&i=1471180741&ref=0%40RpWh0vR2dOAFLftj0K6JgoELYzbACT8JFBbrYg4cp8EbS3cfcbiKAklc&tok=0%40JPs960fwuwAuFQrHB2PYImFB3ZRWmD2QugvdzQXGXFG9ddEO%2Fywxzo7YPdlDgWupcIX2ucnYRTf8WQ%3D%3D","title":"+62 858-8052-0640"},{"avatar":"https://dyn.web.whatsapp.com/pp?t=s&u=6287738724848%40c.us&i=1473739601&ref=0%40RpWh0vR2dOAFLftj0K6JgoELYzbACT8JFBbrYg4cp8EbS3cfcbiKAklc&tok=0%40JPs960fwuwAuFQrHB2PYImFB3ZRWmD2QugvdzQXGXFG9ddEO%2Fywxzo7YPdlDgWupcIX2ucnYRTf8WQ%3D%3D","title":"Grogol Kost Pria"},{"avatar":"https://dyn.web.whatsapp.com/pp?t=s&u=6287776656213%40c.us&i=1469406087&ref=0%40RpWh0vR2dOAFLftj0K6JgoELYzbACT8JFBbrYg4cp8EbS3cfcbiKAklc&tok=0%40JPs960fwuwAuFQrHB2PYImFB3ZRWmD2QugvdzQXGXFG9ddEO%2Fywxzo7YPdlDgWupcIX2ucnYRTf8WQ%3D%3D","title":"Bli Bli"},{"avatar":"https://dyn.web.whatsapp.com/pp?t=s&u=6287782134248%40c.us&i=1466397422&ref=0%40RpWh0vR2dOAFLftj0K6JgoELYzbACT8JFBbrYg4cp8EbS3cfcbiKAklc&tok=0%40JPs960fwuwAuFQrHB2PYImFB3ZRWmD2QugvdzQXGXFG9ddEO%2Fywxzo7YPdlDgWupcIX2ucnYRTf8WQ%3D%3D","title":"+62 877-8213-4248"},{"avatar":"https://dyn.web.whatsapp.com/pp?t=s&u=6287823271277%40c.us&i=1472293975&ref=0%40RpWh0vR2dOAFLftj0K6JgoELYzbACT8JFBbrYg4cp8EbS3cfcbiKAklc&tok=0%40JPs960fwuwAuFQrHB2PYImFB3ZRWmD2QugvdzQXGXFG9ddEO%2Fywxzo7YPdlDgWupcIX2ucnYRTf8WQ%3D%3D","title":"Timmy Sociabuzz"},{"avatar":"https://dyn.web.whatsapp.com/pp?t=s&u=6287880002266%40c.us&i=1424940236&ref=0%40RpWh0vR2dOAFLftj0K6JgoELYzbACT8JFBbrYg4cp8EbS3cfcbiKAklc&tok=0%40JPs960fwuwAuFQrHB2PYImFB3ZRWmD2QugvdzQXGXFG9ddEO%2Fywxzo7YPdlDgWupcIX2ucnYRTf8WQ%3D%3D","title":"Stella Livaza"},{"avatar":"https://dyn.web.whatsapp.com/pp?t=s&u=6287888505350%40c.us&i=1470722068&ref=0%40RpWh0vR2dOAFLftj0K6JgoELYzbACT8JFBbrYg4cp8EbS3cfcbiKAklc&tok=0%40JPs960fwuwAuFQrHB2PYImFB3ZRWmD2QugvdzQXGXFG9ddEO%2Fywxzo7YPdlDgWupcIX2ucnYRTf8WQ%3D%3D","title":"Arip Parkir"},{"avatar":"https://dyn.web.whatsapp.com/pp?t=s&u=6288217219837%40c.us&i=1472251887&ref=0%40RpWh0vR2dOAFLftj0K6JgoELYzbACT8JFBbrYg4cp8EbS3cfcbiKAklc&tok=0%40JPs960fwuwAuFQrHB2PYImFB3ZRWmD2QugvdzQXGXFG9ddEO%2Fywxzo7YPdlDgWupcIX2ucnYRTf8WQ%3D%3D","title":"Istriku"},{"avatar":"https://dyn.web.whatsapp.com/pp?t=s&u=6288217219857-1468567587%40g.us&i=1468568148&ref=0%40RpWh0vR2dOAFLftj0K6JgoELYzbACT8JFBbrYg4cp8EbS3cfcbiKAklc&tok=0%40JPs960fwuwAuFQrHB2PYImFB3ZRWmD2QugvdzQXGXFG9ddEO%2Fywxzo7YPdlDgWupcIX2ucnYRTf8WQ%3D%3D","title":"Livaza New Layout"},{"avatar":"https://dyn.web.whatsapp.com/pp?t=s&u=6288217219857-1468945954%40g.us&i=1470671657&ref=0%40RpWh0vR2dOAFLftj0K6JgoELYzbACT8JFBbrYg4cp8EbS3cfcbiKAklc&tok=0%40JPs960fwuwAuFQrHB2PYImFB3ZRWmD2QugvdzQXGXFG9ddEO%2Fywxzo7YPdlDgWupcIX2ucnYRTf8WQ%3D%3D","title":"Product Team-Livaza"},{"title":"Livaza onboarding"},{"title":"Livaza Vinculum"},{"avatar":"https://dyn.web.whatsapp.com/pp?t=s&u=6289615865475%40c.us&i=1473590918&ref=0%40RpWh0vR2dOAFLftj0K6JgoELYzbACT8JFBbrYg4cp8EbS3cfcbiKAklc&tok=0%40JPs960fwuwAuFQrHB2PYImFB3ZRWmD2QugvdzQXGXFG9ddEO%2Fywxzo7YPdlDgWupcIX2ucnYRTf8WQ%3D%3D","title":"Haben"},{"avatar":"https://dyn.web.whatsapp.com/pp?t=s&u=6289636845137%40c.us&i=1468293483&ref=0%40RpWh0vR2dOAFLftj0K6JgoELYzbACT8JFBbrYg4cp8EbS3cfcbiKAklc&tok=0%40JPs960fwuwAuFQrHB2PYImFB3ZRWmD2QugvdzQXGXFG9ddEO%2Fywxzo7YPdlDgWupcIX2ucnYRTf8WQ%3D%3D","title":"Ade"},{"avatar":"https://dyn.web.whatsapp.com/pp?t=s&u=6289651407657%40c.us&i=1466812123&ref=0%40RpWh0vR2dOAFLftj0K6JgoELYzbACT8JFBbrYg4cp8EbS3cfcbiKAklc&tok=0%40JPs960fwuwAuFQrHB2PYImFB3ZRWmD2QugvdzQXGXFG9ddEO%2Fywxzo7YPdlDgWupcIX2ucnYRTf8WQ%3D%3D","title":"Tri"},{"avatar":"https://dyn.web.whatsapp.com/pp?t=s&u=628979966869%40c.us&i=1472627053&ref=0%40RpWh0vR2dOAFLftj0K6JgoELYzbACT8JFBbrYg4cp8EbS3cfcbiKAklc&tok=0%40JPs960fwuwAuFQrHB2PYImFB3ZRWmD2QugvdzQXGXFG9ddEO%2Fywxzo7YPdlDgWupcIX2ucnYRTf8WQ%3D%3D","title":"Zen"},{"avatar":"https://dyn.web.whatsapp.com/pp?t=s&u=6584094086%40c.us&i=1365522797&ref=0%40RpWh0vR2dOAFLftj0K6JgoELYzbACT8JFBbrYg4cp8EbS3cfcbiKAklc&tok=0%40JPs960fwuwAuFQrHB2PYImFB3ZRWmD2QugvdzQXGXFG9ddEO%2Fywxzo7YPdlDgWupcIX2ucnYRTf8WQ%3D%3D","title":"Julian E"}]
